Archive member included because of file (symbol)

build/waf_bootloader-NoOS-NoNS-BCM943362WCD4-SDIO/libraries/App_WICED_Bootloader_BCM943362WCD4.a(bootloader.o)
                              build/waf_bootloader-NoOS-NoNS-BCM943362WCD4-SDIO/Modules/./WICED/platform/MCU/STM32F2xx/../../ARM_CM3/crt0_GCC.o (main)
build/waf_bootloader-NoOS-NoNS-BCM943362WCD4-SDIO/libraries/Platform_BCM943362WCD4.a(platform.o)
                              build/waf_bootloader-NoOS-NoNS-BCM943362WCD4-SDIO/Modules/./WICED/platform/MCU/STM32F2xx/../../ARM_CM3/crt0_GCC.o (platform_init_external_devices)
build/waf_bootloader-NoOS-NoNS-BCM943362WCD4-SDIO/libraries/WWD_NoOS_Interface.a(noos.o)
                              build/waf_bootloader-NoOS-NoNS-BCM943362WCD4-SDIO/Modules/./WICED/platform/MCU/STM32F2xx/platform_vector_table.o (NoOS_systick_irq)
build/waf_bootloader-NoOS-NoNS-BCM943362WCD4-SDIO/libraries/STM32F2xx.a(platform_stdio.o)
                              build/waf_bootloader-NoOS-NoNS-BCM943362WCD4-SDIO/Modules/WICED/platform/GCC/stdio_newlib.o (platform_stdio_write)
build/waf_bootloader-NoOS-NoNS-BCM943362WCD4-SDIO/libraries/STM32F2xx.a(platform_init.o)
                              build/waf_bootloader-NoOS-NoNS-BCM943362WCD4-SDIO/Modules/./WICED/platform/MCU/STM32F2xx/../../ARM_CM3/crt0_GCC.o (platform_init_system_clocks)
build/waf_bootloader-NoOS-NoNS-BCM943362WCD4-SDIO/libraries/STM32F2xx.a(platform_unhandled_isr.o)
                              build/waf_bootloader-NoOS-NoNS-BCM943362WCD4-SDIO/Modules/./WICED/platform/MCU/STM32F2xx/platform_vector_table.o (UnhandledInterrupt)
build/waf_bootloader-NoOS-NoNS-BCM943362WCD4-SDIO/libraries/STM32F2xx.a(wwd_platform_common.o)
                              build/waf_bootloader-NoOS-NoNS-BCM943362WCD4-SDIO/libraries/STM32F2xx.a(platform_init.o) (host_platform_init)
build/waf_bootloader-NoOS-NoNS-BCM943362WCD4-SDIO/libraries/STM32F2xx_Peripheral_Drivers.a(platform_gpio.o)
                              build/waf_bootloader-NoOS-NoNS-BCM943362WCD4-SDIO/libraries/Platform_BCM943362WCD4.a(platform.o) (platform_gpio_init)
build/waf_bootloader-NoOS-NoNS-BCM943362WCD4-SDIO/libraries/STM32F2xx_Peripheral_Drivers.a(platform_mcu_powersave.o)
                              build/waf_bootloader-NoOS-NoNS-BCM943362WCD4-SDIO/libraries/STM32F2xx_Peripheral_Drivers.a(platform_gpio.o) (platform_mcu_powersave_disable)
build/waf_bootloader-NoOS-NoNS-BCM943362WCD4-SDIO/libraries/STM32F2xx_Peripheral_Drivers.a(platform_uart.o)
                              build/waf_bootloader-NoOS-NoNS-BCM943362WCD4-SDIO/libraries/Platform_BCM943362WCD4.a(platform.o) (platform_uart_irq)
build/waf_bootloader-NoOS-NoNS-BCM943362WCD4-SDIO/libraries/STM32F2xx_Peripheral_Drivers.a(platform_watchdog.o)
                              build/waf_bootloader-NoOS-NoNS-BCM943362WCD4-SDIO/libraries/STM32F2xx.a(platform_init.o) (platform_watchdog_init)
build/waf_bootloader-NoOS-NoNS-BCM943362WCD4-SDIO/libraries/Ring_Buffer.a(ring_buffer.o)
                              build/waf_bootloader-NoOS-NoNS-BCM943362WCD4-SDIO/libraries/STM32F2xx_Peripheral_Drivers.a(platform_uart.o) (ring_buffer_get_data)
build/waf_bootloader-NoOS-NoNS-BCM943362WCD4-SDIO/libraries/STM32F2xx_Peripheral_Libraries.a(misc.o)
                              build/waf_bootloader-NoOS-NoNS-BCM943362WCD4-SDIO/libraries/STM32F2xx.a(platform_init.o) (NVIC_PriorityGroupConfig)
build/waf_bootloader-NoOS-NoNS-BCM943362WCD4-SDIO/libraries/STM32F2xx_Peripheral_Libraries.a(stm32f2xx_dma.o)
                              build/waf_bootloader-NoOS-NoNS-BCM943362WCD4-SDIO/libraries/STM32F2xx_Peripheral_Drivers.a(platform_uart.o) (DMA_DeInit)
build/waf_bootloader-NoOS-NoNS-BCM943362WCD4-SDIO/libraries/STM32F2xx_Peripheral_Libraries.a(stm32f2xx_exti.o)
                              build/waf_bootloader-NoOS-NoNS-BCM943362WCD4-SDIO/libraries/STM32F2xx_Peripheral_Drivers.a(platform_gpio.o) (EXTI_Init)
build/waf_bootloader-NoOS-NoNS-BCM943362WCD4-SDIO/libraries/STM32F2xx_Peripheral_Libraries.a(stm32f2xx_flash.o)
                              build/waf_bootloader-NoOS-NoNS-BCM943362WCD4-SDIO/libraries/STM32F2xx.a(platform_init.o) (FLASH_SetLatency)
build/waf_bootloader-NoOS-NoNS-BCM943362WCD4-SDIO/libraries/STM32F2xx_Peripheral_Libraries.a(stm32f2xx_gpio.o)
                              build/waf_bootloader-NoOS-NoNS-BCM943362WCD4-SDIO/libraries/STM32F2xx_Peripheral_Drivers.a(platform_gpio.o) (GPIO_Init)
build/waf_bootloader-NoOS-NoNS-BCM943362WCD4-SDIO/libraries/STM32F2xx_Peripheral_Libraries.a(stm32f2xx_iwdg.o)
                              build/waf_bootloader-NoOS-NoNS-BCM943362WCD4-SDIO/libraries/STM32F2xx_Peripheral_Drivers.a(platform_watchdog.o) (IWDG_WriteAccessCmd)
build/waf_bootloader-NoOS-NoNS-BCM943362WCD4-SDIO/libraries/STM32F2xx_Peripheral_Libraries.a(stm32f2xx_rcc.o)
                              build/waf_bootloader-NoOS-NoNS-BCM943362WCD4-SDIO/libraries/STM32F2xx.a(platform_init.o) (RCC_HSEConfig)
[...]
Memory Configuration

Name             Origin             Length             Attributes
BTLDR_VECTORS    0x0000000008000000 0x0000000000000200 xr
SHARED_API       0x0000000008000200 0x0000000000000200 xr
BTLDR_CODE       0x0000000008000400 0x0000000000003c00 xr
DCT1_FLASH       0x0000000008004000 0x0000000000004000 xr
DCT2_FLASH       0x0000000008008000 0x0000000000004000 xr
APP_CODE         0x000000000800c000 0x00000000000f4000 xr
SRAM             0x0000000020000000 0x0000000000020000 xrw
*default*        0x0000000000000000 0xffffffffffffffff

Linker script and memory map

                0x0000000000000fa0                __STACKSIZE__ = 0xfa0
                0x0000000008000654                reset_handler = _start

.vectors        0x0000000008000000      0x184
                0x0000000008000000                link_interrupt_vectors_location = .
 *(*.interrupt_vector_table)
 .data.interrupt_vector_table
                0x0000000008000000      0x184 build/waf_bootloader-NoOS-NoNS-BCM943362WCD4-SDIO/Modules/./WICED/platform/MCU/STM32F2xx/platform_vector_table.o
                0x0000000008000000                interrupt_vector_table

.shared_api     0x0000000008000200       0x30
                0x0000000008000200                shared_api_location = .
 *(.rodata.shared_waf_api_val)
 .rodata.shared_waf_api_val
                0x0000000008000200       0x30 build/waf_bootloader-NoOS-NoNS-BCM943362WCD4-SDIO/Modules/./WICED/platform/MCU/STM32F2xx/WAF/waf_platform.o
                0x0000000008000200                shared_waf_api_val

.text           0x0000000008000400     0x1a40
                0x0000000008000400                link_code_location = .
 *(.text.irq)
 .text.irq      0x0000000008000400       0x20 build/waf_bootloader-NoOS-NoNS-BCM943362WCD4-SDIO/Modules/./WICED/platform/MCU/STM32F2xx/../../ARM_CM3/hardfault_handler.o
                0x0000000008000400                HardFaultException
 .text.irq      0x0000000008000420       0xa8 build/waf_bootloader-NoOS-NoNS-BCM943362WCD4-SDIO/libraries/Platform_BCM943362WCD4.a(platform.o)
                0x0000000008000420                USART1_irq
                0x0000000008000420                usart1_irq
                0x000000000800043c                usart2_irq
                0x000000000800043c                USART2_irq
                0x0000000008000458                DMA2_Stream7_irq
                0x0000000008000458                usart1_tx_dma_irq
                0x0000000008000474                DMA1_Stream6_irq
                0x0000000008000474                usart2_tx_dma_irq
                0x0000000008000490                usart1_rx_dma_irq
                0x0000000008000490                DMA2_Stream2_irq
                0x00000000080004ac                usart2_rx_dma_irq
                0x00000000080004ac                DMA1_Stream5_irq
 .text.irq      0x00000000080004c8       0x20 build/waf_bootloader-NoOS-NoNS-BCM943362WCD4-SDIO/libraries/WWD_NoOS_Interface.a(noos.o)
                0x00000000080004c8                NoOS_systick_irq
 .text.irq      0x00000000080004e8       0x18 build/waf_bootloader-NoOS-NoNS-BCM943362WCD4-SDIO/libraries/STM32F2xx.a(platform_unhandled_isr.o)
                0x00000000080004e8                MemManageException
                0x00000000080004e8                BusFaultException
                0x00000000080004e8                OTG_HS_EP1_OUT_irq
                0x00000000080004e8                CAN2_RX0_irq
                0x00000000080004e8                UART5_irq
                0x00000000080004e8                DMA1_Stream3_irq
                0x00000000080004e8                SPI2_irq
                0x00000000080004e8                USART3_irq
                0x00000000080004e8                FSMC_irq
                0x00000000080004e8                DebugMonitor
                0x00000000080004e8                TIM1_UP_TIM10_irq
                0x00000000080004e8                TIM4_irq
                0x00000000080004e8                CAN1_TX_irq
                0x00000000080004e8                TIM2_irq
                0x00000000080004e8                SPI1_irq
                0x00000000080004e8                ETH_WKUP_irq
                0x00000000080004e8                TAMP_STAMP_irq
                0x00000000080004e8                ADC_irq
                0x00000000080004e8                TIM8_UP_TIM13_irq
                0x00000000080004e8                DMA1_Stream1_irq
                0x00000000080004e8                ETH_irq
                0x00000000080004e8                UnhandledInterrupt
                0x00000000080004e8                DMA1_Stream2_irq
                0x00000000080004e8                RTC_Alarm_irq
                0x00000000080004e8                TIM8_CC_irq
                0x00000000080004e8                DMA2_Stream4_irq
                0x00000000080004e8                I2C1_ER_irq
                0x00000000080004e8                DMA1_Stream0_irq
                0x00000000080004e8                NMIException
                0x00000000080004e8                DMA2_Stream0_irq
                0x00000000080004e8                USART6_irq
                0x00000000080004e8                OTG_FS_WKUP_irq
                0x00000000080004e8                DMA2_Stream6_irq
                0x00000000080004e8                I2C1_EV_irq
                0x00000000080004e8                DMA1_Stream4_irq
                0x00000000080004e8                CAN2_TX_irq
                0x00000000080004e8                WWDG_irq
                0x00000000080004e8                DMA2_Stream5_irq
                0x00000000080004e8                SPI3_irq
                0x00000000080004e8                PVD_irq
                0x00000000080004e8                DMA2_Stream3_irq
                0x00000000080004e8                TIM8_TRG_COM_TIM14_irq
                0x00000000080004e8                OTG_HS_EP1_IN_irq
                0x00000000080004e8                TIM1_TRG_COM_TIM11_irq
                0x00000000080004e8                I2C2_EV_irq
                0x00000000080004e8                CRYP_irq
                0x00000000080004e8                I2C3_EV_irq
                0x00000000080004e8                DMA1_Stream7_irq
                0x00000000080004e8                HASH_RNG_irq
                0x00000000080004e8                TIM1_CC_irq
                0x00000000080004e8                TIM8_BRK_TIM12_irq
                0x00000000080004e8                CAN2_RX1_irq
                0x00000000080004e8                RTC_WKUP_irq
                0x00000000080004e8                CAN1_RX1_irq
                0x00000000080004e8                TIM6_DAC_irq
                0x00000000080004e8                CAN1_RX0_irq
                0x00000000080004e8                OTG_HS_WKUP_irq
                0x00000000080004e8                TIM1_BRK_TIM9_irq
                0x00000000080004e8                OTG_FS_irq
                0x00000000080004e8                TIM5_irq
                0x00000000080004e8                DCMI_irq
                0x00000000080004e8                UART4_irq
                0x00000000080004e8                CAN1_SCE_irq
                0x00000000080004e8                UsageFaultException
                0x00000000080004e8                SDIO_irq
                0x00000000080004e8                DMA2_Stream1_irq
                0x00000000080004e8                OTG_HS_irq
                0x00000000080004e8                CAN2_SCE_irq
                0x00000000080004e8                I2C3_ER_irq
                0x00000000080004e8                RCC_irq
                0x00000000080004e8                FLASH_irq
                0x00000000080004e8                I2C2_ER_irq
                0x00000000080004e8                TIM3_irq
 .text.irq      0x0000000008000500      0x134 build/waf_bootloader-NoOS-NoNS-BCM943362WCD4-SDIO/libraries/STM32F2xx_Peripheral_Drivers.a(platform_gpio.o)
                0x0000000008000500                EXTI9_5_irq
                0x0000000008000500                EXTI4_irq
                0x0000000008000500                EXTI1_irq
                0x0000000008000500                EXTI0_irq
                0x0000000008000500                EXTI15_10_irq
                0x0000000008000500                gpio_irq
                0x0000000008000500                EXTI3_irq
                0x0000000008000500                EXTI2_irq
 .text.irq      0x0000000008000634       0x20 build/waf_bootloader-NoOS-NoNS-BCM943362WCD4-SDIO/libraries/STM32F2xx_Peripheral_Drivers.a(platform_watchdog.o)
                0x0000000008000634                dbg_watchdog_irq
                0x0000000008000634                TIM7_irq
 *(.text .text.* .gnu.linkonce.t.*)
 .text._start   0x0000000008000654       0xbc build/waf_bootloader-NoOS-NoNS-BCM943362WCD4-SDIO/Modules/./WICED/platform/MCU/STM32F2xx/../../ARM_CM3/crt0_GCC.o
                0x0000000008000654                _start
 .text.HardFaultException_handler
                0x0000000008000710        0x4 build/waf_bootloader-NoOS-NoNS-BCM943362WCD4-SDIO/Modules/./WICED/platform/MCU/STM32F2xx/../../ARM_CM3/hardfault_handler.o
                0x0000000008000710                HardFaultException_handler
 .text.NVIC_SystemReset
                0x0000000008000714       0x20 build/waf_bootloader-NoOS-NoNS-BCM943362WCD4-SDIO/Modules/./WICED/platform/MCU/STM32F2xx/WAF/waf_platform.o
 .text.platform_reboot
                0x0000000008000734        0x8 build/waf_bootloader-NoOS-NoNS-BCM943362WCD4-SDIO/Modules/./WICED/platform/MCU/STM32F2xx/WAF/waf_platform.o
 .text.platform_read_wifi_firmware
                0x000000000800073c        0x4 build/waf_bootloader-NoOS-NoNS-BCM943362WCD4-SDIO/Modules/./WICED/platform/MCU/STM32F2xx/WAF/waf_platform.o
 .text.platform_start_app
                0x0000000008000740       0x34 build/waf_bootloader-NoOS-NoNS-BCM943362WCD4-SDIO/Modules/./WICED/platform/MCU/STM32F2xx/WAF/waf_platform.o
 .text.platform_copy_external_to_internal
                0x0000000008000774        0x4 build/waf_bootloader-NoOS-NoNS-BCM943362WCD4-SDIO/Modules/./WICED/platform/MCU/STM32F2xx/WAF/waf_platform.o
 .text.platform_get_current_dct_address
                0x0000000008000778       0x4c build/waf_bootloader-NoOS-NoNS-BCM943362WCD4-SDIO/Modules/./WICED/platform/MCU/STM32F2xx/WAF/waf_platform.o
 .text.platform_dct_read_with_copy
                0x00000000080007c4       0x64 build/waf_bootloader-NoOS-NoNS-BCM943362WCD4-SDIO/Modules/./WICED/platform/MCU/STM32F2xx/WAF/waf_platform.o
 .text.platform_erase_app
                0x0000000008000828       0x38 build/waf_bootloader-NoOS-NoNS-BCM943362WCD4-SDIO/Modules/./WICED/platform/MCU/STM32F2xx/WAF/waf_platform.o
 .text.platform_write_app_chunk
                0x0000000008000860       0x70 build/waf_bootloader-NoOS-NoNS-BCM943362WCD4-SDIO/Modules/./WICED/platform/MCU/STM32F2xx/WAF/waf_platform.o
 .text.platform_write_dct.constprop.1
                0x00000000080008d0      0x448 build/waf_bootloader-NoOS-NoNS-BCM943362WCD4-SDIO/Modules/./WICED/platform/MCU/STM32F2xx/WAF/waf_platform.o
 .text.platform_perform_factory_reset
                0x0000000008000d18       0x14 build/waf_bootloader-NoOS-NoNS-BCM943362WCD4-SDIO/Modules/./WICED/platform/MCU/STM32F2xx/WAF/waf_platform.o
 .text.platform_start_ota_upgrade
                0x0000000008000d2c       0x14 build/waf_bootloader-NoOS-NoNS-BCM943362WCD4-SDIO/Modules/./WICED/platform/MCU/STM32F2xx/WAF/waf_platform.o
 .text.platform_set_app_valid_bit
                0x0000000008000d40       0x14 build/waf_bootloader-NoOS-NoNS-BCM943362WCD4-SDIO/Modules/./WICED/platform/MCU/STM32F2xx/WAF/waf_platform.o
 .text.platform_dct_write
                0x0000000008000d54       0x24 build/waf_bootloader-NoOS-NoNS-BCM943362WCD4-SDIO/Modules/./WICED/platform/MCU/STM32F2xx/WAF/waf_platform.o
 .text.startup.main
                0x0000000008000d78       0x6c build/waf_bootloader-NoOS-NoNS-BCM943362WCD4-SDIO/libraries/App_WICED_Bootloader_BCM943362WCD4.a(bootloader.o)
                0x0000000008000d78                main
 .text.platform_init_peripheral_irq_priorities
                0x0000000008000de4       0x5c build/waf_bootloader-NoOS-NoNS-BCM943362WCD4-SDIO/libraries/Platform_BCM943362WCD4.a(platform.o)
                0x0000000008000de4                platform_init_peripheral_irq_priorities
 .text.platform_init_external_devices
                0x0000000008000e40       0x44 build/waf_bootloader-NoOS-NoNS-BCM943362WCD4-SDIO/libraries/Platform_BCM943362WCD4.a(platform.o)
                0x0000000008000e40                platform_init_external_devices
 .text.platform_init_rtos_irq_priorities
                0x0000000008000e84       0x20 build/waf_bootloader-NoOS-NoNS-BCM943362WCD4-SDIO/libraries/WWD_NoOS_Interface.a(noos.o)
                0x0000000008000e84                platform_init_rtos_irq_priorities
 .text.platform_init_system_clocks
                0x0000000008000ea4       0x6c build/waf_bootloader-NoOS-NoNS-BCM943362WCD4-SDIO/libraries/STM32F2xx.a(platform_init.o)
                0x0000000008000ea4                platform_init_system_clocks
 .text.platform_init_memory
                0x0000000008000f10        0x4 build/waf_bootloader-NoOS-NoNS-BCM943362WCD4-SDIO/libraries/STM32F2xx.a(platform_init.o)
                0x0000000008000f10                platform_init_memory
 .text.platform_init_mcu_infrastructure
                0x0000000008000f14       0x34 build/waf_bootloader-NoOS-NoNS-BCM943362WCD4-SDIO/libraries/STM32F2xx.a(platform_init.o)
                0x0000000008000f14                platform_init_mcu_infrastructure
 .text.platform_gpio_init
                0x0000000008000f48       0xf8 build/waf_bootloader-NoOS-NoNS-BCM943362WCD4-SDIO/libraries/STM32F2xx_Peripheral_Drivers.a(platform_gpio.o)
                0x0000000008000f48                platform_gpio_init
 .text.platform_gpio_output_low
                0x0000000008001040       0x1c build/waf_bootloader-NoOS-NoNS-BCM943362WCD4-SDIO/libraries/STM32F2xx_Peripheral_Drivers.a(platform_gpio.o)
                0x0000000008001040                platform_gpio_output_low
 .text.platform_gpio_irq_manager_init
                0x000000000800105c       0x20 build/waf_bootloader-NoOS-NoNS-BCM943362WCD4-SDIO/libraries/STM32F2xx_Peripheral_Drivers.a(platform_gpio.o)
                0x000000000800105c                platform_gpio_irq_manager_init
 .text.platform_mcu_powersave_disable
                0x000000000800107c        0x8 build/waf_bootloader-NoOS-NoNS-BCM943362WCD4-SDIO/libraries/STM32F2xx_Peripheral_Drivers.a(platform_mcu_powersave.o)
                0x000000000800107c                platform_mcu_powersave_disable
 .text.platform_mcu_powersave_enable
                0x0000000008001084        0x8 build/waf_bootloader-NoOS-NoNS-BCM943362WCD4-SDIO/libraries/STM32F2xx_Peripheral_Drivers.a(platform_mcu_powersave.o)
                0x0000000008001084                platform_mcu_powersave_enable
 .text.platform_uart_irq
                0x000000000800108c       0x40 build/waf_bootloader-NoOS-NoNS-BCM943362WCD4-SDIO/libraries/STM32F2xx_Peripheral_Drivers.a(platform_uart.o)
                0x000000000800108c                platform_uart_irq
 .text.platform_uart_tx_dma_irq
                0x00000000080010cc       0xc8 build/waf_bootloader-NoOS-NoNS-BCM943362WCD4-SDIO/libraries/STM32F2xx_Peripheral_Drivers.a(platform_uart.o)
                0x00000000080010cc                platform_uart_tx_dma_irq
 .text.platform_uart_rx_dma_irq
                0x0000000008001194       0xc8 build/waf_bootloader-NoOS-NoNS-BCM943362WCD4-SDIO/libraries/STM32F2xx_Peripheral_Drivers.a(platform_uart.o)
                0x0000000008001194                platform_uart_rx_dma_irq
 .text.platform_watchdog_init
                0x000000000800125c       0x9c build/waf_bootloader-NoOS-NoNS-BCM943362WCD4-SDIO/libraries/STM32F2xx_Peripheral_Drivers.a(platform_watchdog.o)
                0x000000000800125c                platform_watchdog_init
 .text.platform_watchdog_kick
                0x00000000080012f8       0x54 build/waf_bootloader-NoOS-NoNS-BCM943362WCD4-SDIO/libraries/STM32F2xx_Peripheral_Drivers.a(platform_watchdog.o)
                0x00000000080012f8                platform_watchdog_kick
 .text.ring_buffer_used_space
                0x000000000800134c       0x14 build/waf_bootloader-NoOS-NoNS-BCM943362WCD4-SDIO/libraries/Ring_Buffer.a(ring_buffer.o)
                0x000000000800134c                ring_buffer_used_space
 .text.NVIC_PriorityGroupConfig
                0x0000000008001360       0x14 build/waf_bootloader-NoOS-NoNS-BCM943362WCD4-SDIO/libraries/STM32F2xx_Peripheral_Libraries.a(misc.o)
                0x0000000008001360                NVIC_PriorityGroupConfig
 .text.SysTick_CLKSourceConfig
                0x0000000008001374       0x18 build/waf_bootloader-NoOS-NoNS-BCM943362WCD4-SDIO/libraries/STM32F2xx_Peripheral_Libraries.a(misc.o)
                0x0000000008001374                SysTick_CLKSourceConfig
 .text.FLASH_SetLatency
                0x000000000800138c        0xc build/waf_bootloader-NoOS-NoNS-BCM943362WCD4-SDIO/libraries/STM32F2xx_Peripheral_Libraries.a(stm32f2xx_flash.o)
                0x000000000800138c                FLASH_SetLatency
 .text.FLASH_PrefetchBufferCmd
                0x0000000008001398       0x1c build/waf_bootloader-NoOS-NoNS-BCM943362WCD4-SDIO/libraries/STM32F2xx_Peripheral_Libraries.a(stm32f2xx_flash.o)
                0x0000000008001398                FLASH_PrefetchBufferCmd
 .text.FLASH_Unlock
                0x00000000080013b4       0x20 build/waf_bootloader-NoOS-NoNS-BCM943362WCD4-SDIO/libraries/STM32F2xx_Peripheral_Libraries.a(stm32f2xx_flash.o)
                0x00000000080013b4                FLASH_Unlock
 .text.FLASH_Lock
                0x00000000080013d4       0x10 build/waf_bootloader-NoOS-NoNS-BCM943362WCD4-SDIO/libraries/STM32F2xx_Peripheral_Libraries.a(stm32f2xx_flash.o)
                0x00000000080013d4                FLASH_Lock
 .text.FLASH_EraseSector
                0x00000000080013e4      0x184 build/waf_bootloader-NoOS-NoNS-BCM943362WCD4-SDIO/libraries/STM32F2xx_Peripheral_Libraries.a(stm32f2xx_flash.o)
                0x00000000080013e4                FLASH_EraseSector
 .text.FLASH_ProgramWord
                0x0000000008001568      0x158 build/waf_bootloader-NoOS-NoNS-BCM943362WCD4-SDIO/libraries/STM32F2xx_Peripheral_Libraries.a(stm32f2xx_flash.o)
                0x0000000008001568                FLASH_ProgramWord
 .text.FLASH_ProgramByte
                0x00000000080016c0      0x154 build/waf_bootloader-NoOS-NoNS-BCM943362WCD4-SDIO/libraries/STM32F2xx_Peripheral_Libraries.a(stm32f2xx_flash.o)
                0x00000000080016c0                FLASH_ProgramByte
 .text.FLASH_ClearFlag
                0x0000000008001814        0xc build/waf_bootloader-NoOS-NoNS-BCM943362WCD4-SDIO/libraries/STM32F2xx_Peripheral_Libraries.a(stm32f2xx_flash.o)
                0x0000000008001814                FLASH_ClearFlag
 .text.GPIO_Init
                0x0000000008001820       0xa8 build/waf_bootloader-NoOS-NoNS-BCM943362WCD4-SDIO/libraries/STM32F2xx_Peripheral_Libraries.a(stm32f2xx_gpio.o)
                0x0000000008001820                GPIO_Init
 .text.IWDG_WriteAccessCmd
                0x00000000080018c8        0xc build/waf_bootloader-NoOS-NoNS-BCM943362WCD4-SDIO/libraries/STM32F2xx_Peripheral_Libraries.a(stm32f2xx_iwdg.o)
                0x00000000080018c8                IWDG_WriteAccessCmd
 .text.IWDG_SetPrescaler
                0x00000000080018d4        0xc build/waf_bootloader-NoOS-NoNS-BCM943362WCD4-SDIO/libraries/STM32F2xx_Peripheral_Libraries.a(stm32f2xx_iwdg.o)
                0x00000000080018d4                IWDG_SetPrescaler
 .text.IWDG_SetReload
                0x00000000080018e0        0xc build/waf_bootloader-NoOS-NoNS-BCM943362WCD4-SDIO/libraries/STM32F2xx_Peripheral_Libraries.a(stm32f2xx_iwdg.o)
                0x00000000080018e0                IWDG_SetReload
 .text.IWDG_ReloadCounter
                0x00000000080018ec       0x10 build/waf_bootloader-NoOS-NoNS-BCM943362WCD4-SDIO/libraries/STM32F2xx_Peripheral_Libraries.a(stm32f2xx_iwdg.o)
                0x00000000080018ec                IWDG_ReloadCounter
 .text.IWDG_Enable
                0x00000000080018fc       0x10 build/waf_bootloader-NoOS-NoNS-BCM943362WCD4-SDIO/libraries/STM32F2xx_Peripheral_Libraries.a(stm32f2xx_iwdg.o)
                0x00000000080018fc                IWDG_Enable
 .text.RCC_HSEConfig
                0x000000000800190c       0x10 build/waf_bootloader-NoOS-NoNS-BCM943362WCD4-SDIO/libraries/STM32F2xx_Peripheral_Libraries.a(stm32f2xx_rcc.o)
                0x000000000800190c                RCC_HSEConfig
 .text.RCC_WaitForHSEStartUp
                0x000000000800191c       0x34 build/waf_bootloader-NoOS-NoNS-BCM943362WCD4-SDIO/libraries/STM32F2xx_Peripheral_Libraries.a(stm32f2xx_rcc.o)
                0x000000000800191c                RCC_WaitForHSEStartUp
 .text.RCC_PLLConfig
                0x0000000008001950       0x24 build/waf_bootloader-NoOS-NoNS-BCM943362WCD4-SDIO/libraries/STM32F2xx_Peripheral_Libraries.a(stm32f2xx_rcc.o)
                0x0000000008001950                RCC_PLLConfig
 .text.RCC_PLLCmd
                0x0000000008001974        0xc build/waf_bootloader-NoOS-NoNS-BCM943362WCD4-SDIO/libraries/STM32F2xx_Peripheral_Libraries.a(stm32f2xx_rcc.o)
                0x0000000008001974                RCC_PLLCmd
 .text.RCC_SYSCLKConfig
                0x0000000008001980       0x14 build/waf_bootloader-NoOS-NoNS-BCM943362WCD4-SDIO/libraries/STM32F2xx_Peripheral_Libraries.a(stm32f2xx_rcc.o)
                0x0000000008001980                RCC_SYSCLKConfig
 .text.RCC_GetSYSCLKSource
                0x0000000008001994       0x10 build/waf_bootloader-NoOS-NoNS-BCM943362WCD4-SDIO/libraries/STM32F2xx_Peripheral_Libraries.a(stm32f2xx_rcc.o)
                0x0000000008001994                RCC_GetSYSCLKSource
 .text.RCC_HCLKConfig
                0x00000000080019a4       0x14 build/waf_bootloader-NoOS-NoNS-BCM943362WCD4-SDIO/libraries/STM32F2xx_Peripheral_Libraries.a(stm32f2xx_rcc.o)
                0x00000000080019a4                RCC_HCLKConfig
 .text.RCC_PCLK1Config
                0x00000000080019b8       0x14 build/waf_bootloader-NoOS-NoNS-BCM943362WCD4-SDIO/libraries/STM32F2xx_Peripheral_Libraries.a(stm32f2xx_rcc.o)
                0x00000000080019b8                RCC_PCLK1Config
 .text.RCC_PCLK2Config
                0x00000000080019cc       0x14 build/waf_bootloader-NoOS-NoNS-BCM943362WCD4-SDIO/libraries/STM32F2xx_Peripheral_Libraries.a(stm32f2xx_rcc.o)
                0x00000000080019cc                RCC_PCLK2Config
 .text.RCC_APB1PeriphClockCmd
                0x00000000080019e0       0x18 build/waf_bootloader-NoOS-NoNS-BCM943362WCD4-SDIO/libraries/STM32F2xx_Peripheral_Libraries.a(stm32f2xx_rcc.o)
                0x00000000080019e0                RCC_APB1PeriphClockCmd
 .text.RCC_APB2PeriphClockCmd
                0x00000000080019f8       0x18 build/waf_bootloader-NoOS-NoNS-BCM943362WCD4-SDIO/libraries/STM32F2xx_Peripheral_Libraries.a(stm32f2xx_rcc.o)
                0x00000000080019f8                RCC_APB2PeriphClockCmd
 .text.RCC_APB1PeriphResetCmd
                0x0000000008001a10       0x18 build/waf_bootloader-NoOS-NoNS-BCM943362WCD4-SDIO/libraries/STM32F2xx_Peripheral_Libraries.a(stm32f2xx_rcc.o)
                0x0000000008001a10                RCC_APB1PeriphResetCmd
 .text.RCC_GetFlagStatus
                0x0000000008001a28       0x34 build/waf_bootloader-NoOS-NoNS-BCM943362WCD4-SDIO/libraries/STM32F2xx_Peripheral_Libraries.a(stm32f2xx_rcc.o)
                0x0000000008001a28                RCC_GetFlagStatus
 .text.TIM_TimeBaseInit
                0x0000000008001a5c       0x98 build/waf_bootloader-NoOS-NoNS-BCM943362WCD4-SDIO/libraries/STM32F2xx_Peripheral_Libraries.a(stm32f2xx_tim.o)
                0x0000000008001a5c                TIM_TimeBaseInit
 .text.TIM_UpdateRequestConfig
                0x0000000008001af4       0x1c build/waf_bootloader-NoOS-NoNS-BCM943362WCD4-SDIO/libraries/STM32F2xx_Peripheral_Libraries.a(stm32f2xx_tim.o)
                0x0000000008001af4                TIM_UpdateRequestConfig
 .text.TIM_Cmd  0x0000000008001b10       0x1c build/waf_bootloader-NoOS-NoNS-BCM943362WCD4-SDIO/libraries/STM32F2xx_Peripheral_Libraries.a(stm32f2xx_tim.o)
                0x0000000008001b10                TIM_Cmd
 .text.TIM_ITConfig
                0x0000000008001b2c       0x14 build/waf_bootloader-NoOS-NoNS-BCM943362WCD4-SDIO/libraries/STM32F2xx_Peripheral_Libraries.a(stm32f2xx_tim.o)
                0x0000000008001b2c                TIM_ITConfig
 .text.TIM_ClearITPendingBit
                0x0000000008001b40        0x8 build/waf_bootloader-NoOS-NoNS-BCM943362WCD4-SDIO/libraries/STM32F2xx_Peripheral_Libraries.a(stm32f2xx_tim.o)
                0x0000000008001b40                TIM_ClearITPendingBit
 .text.host_rtos_set_semaphore
                0x0000000008001b48       0x10 build/waf_bootloader-NoOS-NoNS-BCM943362WCD4-SDIO/libraries/WWD_NoOS_Interface.a(wwd_rtos.o)
                0x0000000008001b48                host_rtos_set_semaphore
 .text.memcmp   0x0000000008001b58       0x64 /home/wouters/GIT/willemwouters/STM32_EMW3162_SDK/tools/ARM_GNU/bin/Linux64/../../lib/thumb/v7m/libc.a(lib_a-memcmp.o)
                0x0000000008001b58                memcmp
 .text.memcpy   0x0000000008001bbc      0x120 /home/wouters/GIT/willemwouters/STM32_EMW3162_SDK/tools/ARM_GNU/bin/Linux64/../../lib/thumb/v7m/libc.a(lib_a-memcpy-stub.o)
                0x0000000008001bbc                memcpy
 .text.memset   0x0000000008001cdc       0xa0 /home/wouters/GIT/willemwouters/STM32_EMW3162_SDK/tools/ARM_GNU/bin/Linux64/../../lib/thumb/v7m/libc.a(lib_a-memset.o)
                0x0000000008001cdc                memset
                0x0000000008001d7c                link_code_end = .
                0x0000000008001d7c                . = ALIGN (0x4)
                0x0000000008001d7c                link_const_variable_data_location = .
 *(.rodata .rodata.* .gnu.linkonce.r.*)
 .rodata.DCT_section_offsets
                0x0000000008001d7c       0x14 build/waf_bootloader-NoOS-NoNS-BCM943362WCD4-SDIO/Modules/./WICED/platform/MCU/STM32F2xx/WAF/waf_platform.o
                0x0000000008001d7c                DCT_section_offsets
 .rodata.str1.4
                0x0000000008001d90        0x4 build/waf_bootloader-NoOS-NoNS-BCM943362WCD4-SDIO/Modules/./WICED/platform/MCU/STM32F2xx/WAF/waf_platform.o
 .rodata.platform_gpio_pins
                0x0000000008001d94       0x88 build/waf_bootloader-NoOS-NoNS-BCM943362WCD4-SDIO/libraries/Platform_BCM943362WCD4.a(platform.o)
                0x0000000008001d94                platform_gpio_pins
 .rodata.gpio_peripheral_clocks
                0x0000000008001e1c       0x20 build/waf_bootloader-NoOS-NoNS-BCM943362WCD4-SDIO/libraries/STM32F2xx_Peripheral_Drivers.a(platform_gpio.o)
                0x0000000008001e3c                link_const_variable_data_end = .
                0x0000000008001e3c                . = ALIGN (0x4)
                0x0000000008001e3c                link_constructors_location = .
 *(.preinit_array)
 *(.init_array)
 *crtbegin.o(.ctors)
 *(EXCLUDE_FILE(*crtend.o) .ctors)
 *(SORT(.ctors.*))
 *crtend.o(.ctors)
                0x0000000008001e3c                link_constructors_end = .
                0x0000000008001e3c                . = ALIGN (0x4)
                0x0000000008001e3c                link_destructors_location = .
 *crtbegin.o(.dtors)
 *(EXCLUDE_FILE(*crtend.o) .dtors)
 *(SORT(.dtors.*))
 *crtend.o(.dtors)
                0x0000000008001e3c                link_destructors_end = .
                0x0000000008001e40                . = ALIGN (0x10)
 *fill*         0x0000000008001e3c        0x4 

.iplt           0x0000000008001e40        0x0
 .iplt          0x0000000000000000        0x0 build/waf_bootloader-NoOS-NoNS-BCM943362WCD4-SDIO/Modules/./WICED/platform/MCU/STM32F2xx/../../ARM_CM3/crt0_GCC.o

.rel.dyn        0x0000000008001e40        0x0
 .rel.iplt      0x0000000000000000        0x0 build/waf_bootloader-NoOS-NoNS-BCM943362WCD4-SDIO/Modules/./WICED/platform/MCU/STM32F2xx/../../ARM_CM3/crt0_GCC.o

.ARM.exidx      0x0000000008001e40        0x0
                0x0000000008001e40                __exidx_start = ALIGN (0x4)
 *(.ARM.exidx* .gnu.linkonce.armexidx.*)
                0x0000000008001e40                __exidx_end = .

.ARM.extab      0x0000000008001e40        0x0
                0x0000000008001e40                __extab_start = ALIGN (0x4)
 *(.ARM.extab*)
                0x0000000008001e40                __extab_end = .

.fast           0x0000000020000000        0x0 load address 0x0000000008001e40
                0x0000000008001e40                link_run_from_ram_code_flash_location = LOADADDR (.fast)
                0x0000000020000000                link_run_from_ram_code_ram_location = .
 *(.fast .fast.* .text.fastcode)
                0x0000000020000000                link_run_from_ram_code_ram_end = .

.data           0x0000000020000000        0x0 load address 0x0000000008001e40
                0x0000000008001e40                link_global_data_initial_values = LOADADDR (.data)
                0x0000000020000000                link_global_data_start = .
 *(.data*)
                0x0000000020000000                link_global_data_end = .
                0x0000000020000000                . = ALIGN (., 0x4)

.igot.plt       0x0000000020000000        0x0 load address 0x0000000008001e40
 .igot.plt      0x0000000000000000        0x0 build/waf_bootloader-NoOS-NoNS-BCM943362WCD4-SDIO/Modules/./WICED/platform/MCU/STM32F2xx/../../ARM_CM3/crt0_GCC.o

.startup_globals
                0x0000000020000000        0x4
                0x0000000020000000                startup_globals_location = ALIGN (., 0x4)
 *(.bss.noos_total_time)
 .bss.noos_total_time
                0x0000000020000000        0x4 build/waf_bootloader-NoOS-NoNS-BCM943362WCD4-SDIO/libraries/WWD_NoOS_Interface.a(noos.o)
                0x0000000020000000                noos_total_time
                0x0000000020000004                startup_globals_end = .

.bss.platform_uart_drivers
                0x0000000020000004       0x30
 .bss.platform_uart_drivers
                0x0000000020000004       0x30 build/waf_bootloader-NoOS-NoNS-BCM943362WCD4-SDIO/libraries/Platform_BCM943362WCD4.a(platform.o)
                0x0000000020000004                platform_uart_drivers

.bss.gpio_irq_data
                0x0000000020000034       0xc0
 .bss.gpio_irq_data
                0x0000000020000034       0xc0 build/waf_bootloader-NoOS-NoNS-BCM943362WCD4-SDIO/libraries/STM32F2xx_Peripheral_Drivers.a(platform_gpio.o)

.stack          0x00000000200000f4      0xfa0
                0x00000000200000f4                link_stack_location = ALIGN (., 0x4)
 *(.stack)
                0x0000000020001094                . = ALIGN (MAX ((link_stack_location + __STACKSIZE__), .), 0x4)
 *fill*         0x00000000200000f4      0xfa0 
                0x0000000020001094                link_stack_end = .

/DISCARD/
 *(COMMON)
 *(.ARM.attributes*)
 *(.comment)
 *(.init)
 *(.preinit)
 *(.fini)
 *(.fini_array)
 *(.ARM.exidx*)
 *(.gnu.linkonce.armexidx.*)
 *(.eh_frame_hdr)
 *(.eh_frame)
 *(.gnu.linkonce.armextab.*)
 *(.v4_bx)
 *(.vfp11_veneer)
 *(.gcc_except_table)
 *(.eh_frame_hdr)
 *(.eh_frame)
 *(.glue*)
                0x0000000020001094                PROVIDE (_heap, link_stack_end)
                0x000000002001fff8                PROVIDE (_eheap, ALIGN (((ORIGIN (SRAM) + 0x20000) - 0x8), 0x8))
                0x0000000008004000                PROVIDE (dct1_start_addr_loc, ORIGIN (DCT1_FLASH))
                0x0000000000004000                PROVIDE (dct1_size_loc, 0x4000)
                0x0000000008008000                PROVIDE (dct2_start_addr_loc, ORIGIN (DCT2_FLASH))
                0x0000000000004000                PROVIDE (dct2_size_loc, 0x4000)
                0x000000000800c000                PROVIDE (app_code_start_addr_loc, ORIGIN (APP_CODE))
                0x0000000020000000                PROVIDE (sram_start_addr_loc, ORIGIN (SRAM))
                0x0000000000020000                PROVIDE (sram_size_loc, 0x20000)
                0x0000000020001094                PROVIDE (__RAM_segment_used_end__, link_stack_end)
                0x0000000020001094                PROVIDE (__tx_free_memory_start, link_stack_end)
                0x0000000008000000                PROVIDE (__tx_vectors, link_interrupt_vectors_location)
                0x0000000008000200                PROVIDE (shared_api_addr_loc, ORIGIN (SHARED_API))
                0x0000000000000000                PROVIDE (link_bss_location, 0x0)
                0x0000000000000000                PROVIDE (link_bss_end, 0x0)
START GROUP
LOAD build/waf_bootloader-NoOS-NoNS-BCM943362WCD4-SDIO/Modules/./WICED/platform/MCU/STM32F2xx/../../ARM_CM3/crt0_GCC.o
LOAD build/waf_bootloader-NoOS-NoNS-BCM943362WCD4-SDIO/Modules/./WICED/platform/MCU/STM32F2xx/../../ARM_CM3/hardfault_handler.o
LOAD build/waf_bootloader-NoOS-NoNS-BCM943362WCD4-SDIO/Modules/./WICED/platform/MCU/STM32F2xx/platform_vector_table.o
LOAD build/waf_bootloader-NoOS-NoNS-BCM943362WCD4-SDIO/Modules/./WICED/platform/MCU/STM32F2xx/WAF/waf_platform.o
LOAD build/waf_bootloader-NoOS-NoNS-BCM943362WCD4-SDIO/Modules/WICED/platform/GCC/mem_newlib.o
LOAD build/waf_bootloader-NoOS-NoNS-BCM943362WCD4-SDIO/Modules/WICED/platform/GCC/stdio_newlib.o
LOAD build/waf_bootloader-NoOS-NoNS-BCM943362WCD4-SDIO/libraries/resources.a
LOAD build/waf_bootloader-NoOS-NoNS-BCM943362WCD4-SDIO/libraries/App_WICED_Bootloader_BCM943362WCD4.a
LOAD build/waf_bootloader-NoOS-NoNS-BCM943362WCD4-SDIO/libraries/Platform_BCM943362WCD4.a
LOAD build/waf_bootloader-NoOS-NoNS-BCM943362WCD4-SDIO/libraries/Lib_Wiced_RO_FS.a
LOAD build/waf_bootloader-NoOS-NoNS-BCM943362WCD4-SDIO/libraries/WWD_NoOS_Interface.a
LOAD build/waf_bootloader-NoOS-NoNS-BCM943362WCD4-SDIO/libraries/WWD_NoNS_Interface.a
LOAD build/waf_bootloader-NoOS-NoNS-BCM943362WCD4-SDIO/libraries/SPI_Flash_Library_BCM943362WCD4.a
LOAD build/waf_bootloader-NoOS-NoNS-BCM943362WCD4-SDIO/libraries/WWD_for_SDIO_NoOS.a
LOAD build/waf_bootloader-NoOS-NoNS-BCM943362WCD4-SDIO/libraries/STM32F2xx.a
LOAD build/waf_bootloader-NoOS-NoNS-BCM943362WCD4-SDIO/libraries/common_GCC.a
LOAD build/waf_bootloader-NoOS-NoNS-BCM943362WCD4-SDIO/libraries/STM32F2xx_Peripheral_Drivers.a
LOAD build/waf_bootloader-NoOS-NoNS-BCM943362WCD4-SDIO/libraries/Ring_Buffer.a
LOAD build/waf_bootloader-NoOS-NoNS-BCM943362WCD4-SDIO/libraries/STM32F2xx_Peripheral_Libraries.a
END GROUP
LOAD /home/wouters/GIT/willemwouters/STM32_EMW3162_SDK/tools/ARM_GNU/bin/Linux64/../../lib/thumb/v7m/libstdc++.a
LOAD /home/wouters/GIT/willemwouters/STM32_EMW3162_SDK/tools/ARM_GNU/bin/Linux64/../../lib/thumb/v7m/libm.a
START GROUP
LOAD /home/wouters/GIT/willemwouters/STM32_EMW3162_SDK/tools/ARM_GNU/bin/Linux64/../../lib/thumb/v7m/libgcc.a
LOAD /home/wouters/GIT/willemwouters/STM32_EMW3162_SDK/tools/ARM_GNU/bin/Linux64/../../lib/thumb/v7m/libc.a
END GROUP
OUTPUT(build/waf_bootloader-NoOS-NoNS-BCM943362WCD4-SDIO/binary/waf_bootloader-NoOS-NoNS-BCM943362WCD4-SDIO.elf elf32-littlearm)

.debug_info     0x0000000000000000    0x11b92
 .debug_info    0x0000000000000000      0x553 build/waf_bootloader-NoOS-NoNS-BCM943362WCD4-SDIO/Modules/./WICED/platform/MCU/STM32F2xx/../../ARM_CM3/crt0_GCC.o
 .debug_info    0x0000000000000553       0xeb build/waf_bootloader-NoOS-NoNS-BCM943362WCD4-SDIO/Modules/./WICED/platform/MCU/STM32F2xx/../../ARM_CM3/hardfault_handler.o
 .debug_info    0x000000000000063e       0xc0 build/waf_bootloader-NoOS-NoNS-BCM943362WCD4-SDIO/Modules/./WICED/platform/MCU/STM32F2xx/platform_vector_table.o
 .debug_info    0x00000000000006fe     0x2b42 build/waf_bootloader-NoOS-NoNS-BCM943362WCD4-SDIO/Modules/./WICED/platform/MCU/STM32F2xx/WAF/waf_platform.o
 .debug_info    0x0000000000003240      0xe97 build/waf_bootloader-NoOS-NoNS-BCM943362WCD4-SDIO/libraries/App_WICED_Bootloader_BCM943362WCD4.a(bootloader.o)
 .debug_info    0x00000000000040d7     0x183e build/waf_bootloader-NoOS-NoNS-BCM943362WCD4-SDIO/libraries/Platform_BCM943362WCD4.a(platform.o)
 .debug_info    0x0000000000005915      0x755 build/waf_bootloader-NoOS-NoNS-BCM943362WCD4-SDIO/libraries/WWD_NoOS_Interface.a(noos.o)
 .debug_info    0x000000000000606a      0xca9 build/waf_bootloader-NoOS-NoNS-BCM943362WCD4-SDIO/libraries/STM32F2xx.a(platform_init.o)
 .debug_info    0x0000000000006d13      0x25a build/waf_bootloader-NoOS-NoNS-BCM943362WCD4-SDIO/libraries/STM32F2xx.a(platform_unhandled_isr.o)
 .debug_info    0x0000000000006f6d     0x1253 build/waf_bootloader-NoOS-NoNS-BCM943362WCD4-SDIO/libraries/STM32F2xx_Peripheral_Drivers.a(platform_gpio.o)
 .debug_info    0x00000000000081c0      0x1f7 build/waf_bootloader-NoOS-NoNS-BCM943362WCD4-SDIO/libraries/STM32F2xx_Peripheral_Drivers.a(platform_mcu_powersave.o)
 .debug_info    0x00000000000083b7     0x25dd build/waf_bootloader-NoOS-NoNS-BCM943362WCD4-SDIO/libraries/STM32F2xx_Peripheral_Drivers.a(platform_uart.o)
 .debug_info    0x000000000000a994      0xca1 build/waf_bootloader-NoOS-NoNS-BCM943362WCD4-SDIO/libraries/STM32F2xx_Peripheral_Drivers.a(platform_watchdog.o)
 .debug_info    0x000000000000b635      0xba2 build/waf_bootloader-NoOS-NoNS-BCM943362WCD4-SDIO/libraries/Ring_Buffer.a(ring_buffer.o)
 .debug_info    0x000000000000c1d7      0x547 build/waf_bootloader-NoOS-NoNS-BCM943362WCD4-SDIO/libraries/STM32F2xx_Peripheral_Libraries.a(misc.o)
 .debug_info    0x000000000000c71e      0xfbc build/waf_bootloader-NoOS-NoNS-BCM943362WCD4-SDIO/libraries/STM32F2xx_Peripheral_Libraries.a(stm32f2xx_flash.o)
 .debug_info    0x000000000000d6da      0x7ae build/waf_bootloader-NoOS-NoNS-BCM943362WCD4-SDIO/libraries/STM32F2xx_Peripheral_Libraries.a(stm32f2xx_gpio.o)
 .debug_info    0x000000000000de88      0x1e1 build/waf_bootloader-NoOS-NoNS-BCM943362WCD4-SDIO/libraries/STM32F2xx_Peripheral_Libraries.a(stm32f2xx_iwdg.o)
 .debug_info    0x000000000000e069      0xcd1 build/waf_bootloader-NoOS-NoNS-BCM943362WCD4-SDIO/libraries/STM32F2xx_Peripheral_Libraries.a(stm32f2xx_rcc.o)
 .debug_info    0x000000000000ed3a     0x249b build/waf_bootloader-NoOS-NoNS-BCM943362WCD4-SDIO/libraries/STM32F2xx_Peripheral_Libraries.a(stm32f2xx_tim.o)
 .debug_info    0x00000000000111d5      0x662 build/waf_bootloader-NoOS-NoNS-BCM943362WCD4-SDIO/libraries/WWD_NoOS_Interface.a(wwd_rtos.o)
 .debug_info    0x0000000000011837      0x113 /home/wouters/GIT/willemwouters/STM32_EMW3162_SDK/tools/ARM_GNU/bin/Linux64/../../lib/thumb/v7m/libc.a(lib_a-memcmp.o)
 .debug_info    0x000000000001194a      0x131 /home/wouters/GIT/willemwouters/STM32_EMW3162_SDK/tools/ARM_GNU/bin/Linux64/../../lib/thumb/v7m/libc.a(lib_a-memcpy-stub.o)
 .debug_info    0x0000000000011a7b      0x117 /home/wouters/GIT/willemwouters/STM32_EMW3162_SDK/tools/ARM_GNU/bin/Linux64/../../lib/thumb/v7m/libc.a(lib_a-memset.o)

.debug_abbrev   0x0000000000000000     0x2a99
 .debug_abbrev  0x0000000000000000      0x195 build/waf_bootloader-NoOS-NoNS-BCM943362WCD4-SDIO/Modules/./WICED/platform/MCU/STM32F2xx/../../ARM_CM3/crt0_GCC.o
 .debug_abbrev  0x0000000000000195       0x90 build/waf_bootloader-NoOS-NoNS-BCM943362WCD4-SDIO/Modules/./WICED/platform/MCU/STM32F2xx/../../ARM_CM3/hardfault_handler.o
 .debug_abbrev  0x0000000000000225       0x86 build/waf_bootloader-NoOS-NoNS-BCM943362WCD4-SDIO/Modules/./WICED/platform/MCU/STM32F2xx/platform_vector_table.o
 .debug_abbrev  0x00000000000002ab      0x45d build/waf_bootloader-NoOS-NoNS-BCM943362WCD4-SDIO/Modules/./WICED/platform/MCU/STM32F2xx/WAF/waf_platform.o
 .debug_abbrev  0x0000000000000708      0x1ff build/waf_bootloader-NoOS-NoNS-BCM943362WCD4-SDIO/libraries/App_WICED_Bootloader_BCM943362WCD4.a(bootloader.o)
 .debug_abbrev  0x0000000000000907      0x252 build/waf_bootloader-NoOS-NoNS-BCM943362WCD4-SDIO/libraries/Platform_BCM943362WCD4.a(platform.o)
 .debug_abbrev  0x0000000000000b59      0x190 build/waf_bootloader-NoOS-NoNS-BCM943362WCD4-SDIO/libraries/WWD_NoOS_Interface.a(noos.o)
 .debug_abbrev  0x0000000000000ce9      0x24a build/waf_bootloader-NoOS-NoNS-BCM943362WCD4-SDIO/libraries/STM32F2xx.a(platform_init.o)
 .debug_abbrev  0x0000000000000f33       0xc7 build/waf_bootloader-NoOS-NoNS-BCM943362WCD4-SDIO/libraries/STM32F2xx.a(platform_unhandled_isr.o)
 .debug_abbrev  0x0000000000000ffa      0x366 build/waf_bootloader-NoOS-NoNS-BCM943362WCD4-SDIO/libraries/STM32F2xx_Peripheral_Drivers.a(platform_gpio.o)
 .debug_abbrev  0x0000000000001360      0x112 build/waf_bootloader-NoOS-NoNS-BCM943362WCD4-SDIO/libraries/STM32F2xx_Peripheral_Drivers.a(platform_mcu_powersave.o)
 .debug_abbrev  0x0000000000001472      0x386 build/waf_bootloader-NoOS-NoNS-BCM943362WCD4-SDIO/libraries/STM32F2xx_Peripheral_Drivers.a(platform_uart.o)
 .debug_abbrev  0x00000000000017f8      0x247 build/waf_bootloader-NoOS-NoNS-BCM943362WCD4-SDIO/libraries/STM32F2xx_Peripheral_Drivers.a(platform_watchdog.o)
 .debug_abbrev  0x0000000000001a3f      0x1a2 build/waf_bootloader-NoOS-NoNS-BCM943362WCD4-SDIO/libraries/Ring_Buffer.a(ring_buffer.o)
 .debug_abbrev  0x0000000000001be1      0x16e build/waf_bootloader-NoOS-NoNS-BCM943362WCD4-SDIO/libraries/STM32F2xx_Peripheral_Libraries.a(misc.o)
 .debug_abbrev  0x0000000000001d4f      0x215 build/waf_bootloader-NoOS-NoNS-BCM943362WCD4-SDIO/libraries/STM32F2xx_Peripheral_Libraries.a(stm32f2xx_flash.o)
 .debug_abbrev  0x0000000000001f64      0x1f8 build/waf_bootloader-NoOS-NoNS-BCM943362WCD4-SDIO/libraries/STM32F2xx_Peripheral_Libraries.a(stm32f2xx_gpio.o)
 .debug_abbrev  0x000000000000215c      0x112 build/waf_bootloader-NoOS-NoNS-BCM943362WCD4-SDIO/libraries/STM32F2xx_Peripheral_Libraries.a(stm32f2xx_iwdg.o)
 .debug_abbrev  0x000000000000226e      0x289 build/waf_bootloader-NoOS-NoNS-BCM943362WCD4-SDIO/libraries/STM32F2xx_Peripheral_Libraries.a(stm32f2xx_rcc.o)
 .debug_abbrev  0x00000000000024f7      0x2a0 build/waf_bootloader-NoOS-NoNS-BCM943362WCD4-SDIO/libraries/STM32F2xx_Peripheral_Libraries.a(stm32f2xx_tim.o)
 .debug_abbrev  0x0000000000002797      0x139 build/waf_bootloader-NoOS-NoNS-BCM943362WCD4-SDIO/libraries/WWD_NoOS_Interface.a(wwd_rtos.o)
 .debug_abbrev  0x00000000000028d0       0x7f /home/wouters/GIT/willemwouters/STM32_EMW3162_SDK/tools/ARM_GNU/bin/Linux64/../../lib/thumb/v7m/libc.a(lib_a-memcmp.o)
 .debug_abbrev  0x000000000000294f       0xab /home/wouters/GIT/willemwouters/STM32_EMW3162_SDK/tools/ARM_GNU/bin/Linux64/../../lib/thumb/v7m/libc.a(lib_a-memcpy-stub.o)
 .debug_abbrev  0x00000000000029fa       0x9f /home/wouters/GIT/willemwouters/STM32_EMW3162_SDK/tools/ARM_GNU/bin/Linux64/../../lib/thumb/v7m/libc.a(lib_a-memset.o)

.debug_loc      0x0000000000000000     0x7764
 .debug_loc     0x0000000000000000       0x14 build/waf_bootloader-NoOS-NoNS-BCM943362WCD4-SDIO/Modules/./WICED/platform/MCU/STM32F2xx/../../ARM_CM3/crt0_GCC.o
 .debug_loc     0x0000000000000014     0x11a8 build/waf_bootloader-NoOS-NoNS-BCM943362WCD4-SDIO/Modules/./WICED/platform/MCU/STM32F2xx/WAF/waf_platform.o
 .debug_loc     0x00000000000011bc       0x96 build/waf_bootloader-NoOS-NoNS-BCM943362WCD4-SDIO/libraries/App_WICED_Bootloader_BCM943362WCD4.a(bootloader.o)
 .debug_loc     0x0000000000001252       0x32 build/waf_bootloader-NoOS-NoNS-BCM943362WCD4-SDIO/libraries/STM32F2xx.a(platform_init.o)
 .debug_loc     0x0000000000001284      0x86f build/waf_bootloader-NoOS-NoNS-BCM943362WCD4-SDIO/libraries/STM32F2xx_Peripheral_Drivers.a(platform_gpio.o)
 .debug_loc     0x0000000000001af3       0x21 build/waf_bootloader-NoOS-NoNS-BCM943362WCD4-SDIO/libraries/STM32F2xx_Peripheral_Drivers.a(platform_mcu_powersave.o)
 .debug_loc     0x0000000000001b14      0xfbe build/waf_bootloader-NoOS-NoNS-BCM943362WCD4-SDIO/libraries/STM32F2xx_Peripheral_Drivers.a(platform_uart.o)
 .debug_loc     0x0000000000002ad2       0x15 build/waf_bootloader-NoOS-NoNS-BCM943362WCD4-SDIO/libraries/STM32F2xx_Peripheral_Drivers.a(platform_watchdog.o)
 .debug_loc     0x0000000000002ae7      0x332 build/waf_bootloader-NoOS-NoNS-BCM943362WCD4-SDIO/libraries/Ring_Buffer.a(ring_buffer.o)
 .debug_loc     0x0000000000002e19      0x153 build/waf_bootloader-NoOS-NoNS-BCM943362WCD4-SDIO/libraries/STM32F2xx_Peripheral_Libraries.a(misc.o)
 .debug_loc     0x0000000000002f6c     0x1163 build/waf_bootloader-NoOS-NoNS-BCM943362WCD4-SDIO/libraries/STM32F2xx_Peripheral_Libraries.a(stm32f2xx_flash.o)
 .debug_loc     0x00000000000040cf      0x386 build/waf_bootloader-NoOS-NoNS-BCM943362WCD4-SDIO/libraries/STM32F2xx_Peripheral_Libraries.a(stm32f2xx_gpio.o)
 .debug_loc     0x0000000000004455       0x62 build/waf_bootloader-NoOS-NoNS-BCM943362WCD4-SDIO/libraries/STM32F2xx_Peripheral_Libraries.a(stm32f2xx_iwdg.o)
 .debug_loc     0x00000000000044b7      0xbcb build/waf_bootloader-NoOS-NoNS-BCM943362WCD4-SDIO/libraries/STM32F2xx_Peripheral_Libraries.a(stm32f2xx_rcc.o)
 .debug_loc     0x0000000000005082     0x1ede build/waf_bootloader-NoOS-NoNS-BCM943362WCD4-SDIO/libraries/STM32F2xx_Peripheral_Libraries.a(stm32f2xx_tim.o)
 .debug_loc     0x0000000000006f60      0x197 build/waf_bootloader-NoOS-NoNS-BCM943362WCD4-SDIO/libraries/WWD_NoOS_Interface.a(wwd_rtos.o)
 .debug_loc     0x00000000000070f7      0x14e /home/wouters/GIT/willemwouters/STM32_EMW3162_SDK/tools/ARM_GNU/bin/Linux64/../../lib/thumb/v7m/libc.a(lib_a-memcmp.o)
 .debug_loc     0x0000000000007245      0x318 /home/wouters/GIT/willemwouters/STM32_EMW3162_SDK/tools/ARM_GNU/bin/Linux64/../../lib/thumb/v7m/libc.a(lib_a-memcpy-stub.o)
 .debug_loc     0x000000000000755d      0x207 /home/wouters/GIT/willemwouters/STM32_EMW3162_SDK/tools/ARM_GNU/bin/Linux64/../../lib/thumb/v7m/libc.a(lib_a-memset.o)

.debug_aranges  0x0000000000000000      0xae8
 .debug_aranges
                0x0000000000000000       0x28 build/waf_bootloader-NoOS-NoNS-BCM943362WCD4-SDIO/Modules/./WICED/platform/MCU/STM32F2xx/../../ARM_CM3/crt0_GCC.o
 .debug_aranges
                0x0000000000000028       0x28 build/waf_bootloader-NoOS-NoNS-BCM943362WCD4-SDIO/Modules/./WICED/platform/MCU/STM32F2xx/../../ARM_CM3/hardfault_handler.o
 .debug_aranges
                0x0000000000000050       0x18 build/waf_bootloader-NoOS-NoNS-BCM943362WCD4-SDIO/Modules/./WICED/platform/MCU/STM32F2xx/platform_vector_table.o
 .debug_aranges
                0x0000000000000068       0x98 build/waf_bootloader-NoOS-NoNS-BCM943362WCD4-SDIO/Modules/./WICED/platform/MCU/STM32F2xx/WAF/waf_platform.o
 .debug_aranges
                0x0000000000000100       0x20 build/waf_bootloader-NoOS-NoNS-BCM943362WCD4-SDIO/libraries/App_WICED_Bootloader_BCM943362WCD4.a(bootloader.o)
 .debug_aranges
                0x0000000000000120       0x58 build/waf_bootloader-NoOS-NoNS-BCM943362WCD4-SDIO/libraries/Platform_BCM943362WCD4.a(platform.o)
 .debug_aranges
                0x0000000000000178       0x38 build/waf_bootloader-NoOS-NoNS-BCM943362WCD4-SDIO/libraries/WWD_NoOS_Interface.a(noos.o)
 .debug_aranges
                0x00000000000001b0       0x40 build/waf_bootloader-NoOS-NoNS-BCM943362WCD4-SDIO/libraries/STM32F2xx.a(platform_init.o)
 .debug_aranges
                0x00000000000001f0       0x20 build/waf_bootloader-NoOS-NoNS-BCM943362WCD4-SDIO/libraries/STM32F2xx.a(platform_unhandled_isr.o)
 .debug_aranges
                0x0000000000000210       0x70 build/waf_bootloader-NoOS-NoNS-BCM943362WCD4-SDIO/libraries/STM32F2xx_Peripheral_Drivers.a(platform_gpio.o)
 .debug_aranges
                0x0000000000000280       0x48 build/waf_bootloader-NoOS-NoNS-BCM943362WCD4-SDIO/libraries/STM32F2xx_Peripheral_Drivers.a(platform_mcu_powersave.o)
 .debug_aranges
                0x00000000000002c8       0x60 build/waf_bootloader-NoOS-NoNS-BCM943362WCD4-SDIO/libraries/STM32F2xx_Peripheral_Drivers.a(platform_uart.o)
 .debug_aranges
                0x0000000000000328       0x38 build/waf_bootloader-NoOS-NoNS-BCM943362WCD4-SDIO/libraries/STM32F2xx_Peripheral_Drivers.a(platform_watchdog.o)
 .debug_aranges
                0x0000000000000360       0x58 build/waf_bootloader-NoOS-NoNS-BCM943362WCD4-SDIO/libraries/Ring_Buffer.a(ring_buffer.o)
 .debug_aranges
                0x00000000000003b8       0x40 build/waf_bootloader-NoOS-NoNS-BCM943362WCD4-SDIO/libraries/STM32F2xx_Peripheral_Libraries.a(misc.o)
 .debug_aranges
                0x00000000000003f8      0x108 build/waf_bootloader-NoOS-NoNS-BCM943362WCD4-SDIO/libraries/STM32F2xx_Peripheral_Libraries.a(stm32f2xx_flash.o)
 .debug_aranges
                0x0000000000000500       0x88 build/waf_bootloader-NoOS-NoNS-BCM943362WCD4-SDIO/libraries/STM32F2xx_Peripheral_Libraries.a(stm32f2xx_gpio.o)
 .debug_aranges
                0x0000000000000588       0x48 build/waf_bootloader-NoOS-NoNS-BCM943362WCD4-SDIO/libraries/STM32F2xx_Peripheral_Libraries.a(stm32f2xx_iwdg.o)
 .debug_aranges
                0x00000000000005d0      0x178 build/waf_bootloader-NoOS-NoNS-BCM943362WCD4-SDIO/libraries/STM32F2xx_Peripheral_Libraries.a(stm32f2xx_rcc.o)
 .debug_aranges
                0x0000000000000748      0x2d8 build/waf_bootloader-NoOS-NoNS-BCM943362WCD4-SDIO/libraries/STM32F2xx_Peripheral_Libraries.a(stm32f2xx_tim.o)
 .debug_aranges
                0x0000000000000a20       0x68 build/waf_bootloader-NoOS-NoNS-BCM943362WCD4-SDIO/libraries/WWD_NoOS_Interface.a(wwd_rtos.o)
 .debug_aranges
                0x0000000000000a88       0x20 /home/wouters/GIT/willemwouters/STM32_EMW3162_SDK/tools/ARM_GNU/bin/Linux64/../../lib/thumb/v7m/libc.a(lib_a-memcmp.o)
 .debug_aranges
                0x0000000000000aa8       0x20 /home/wouters/GIT/willemwouters/STM32_EMW3162_SDK/tools/ARM_GNU/bin/Linux64/../../lib/thumb/v7m/libc.a(lib_a-memcpy-stub.o)
 .debug_aranges
                0x0000000000000ac8       0x20 /home/wouters/GIT/willemwouters/STM32_EMW3162_SDK/tools/ARM_GNU/bin/Linux64/../../lib/thumb/v7m/libc.a(lib_a-memset.o)

.debug_ranges   0x0000000000000000     0x1ba0
 .debug_ranges  0x0000000000000000       0x18 build/waf_bootloader-NoOS-NoNS-BCM943362WCD4-SDIO/Modules/./WICED/platform/MCU/STM32F2xx/../../ARM_CM3/crt0_GCC.o
 .debug_ranges  0x0000000000000018       0x18 build/waf_bootloader-NoOS-NoNS-BCM943362WCD4-SDIO/Modules/./WICED/platform/MCU/STM32F2xx/../../ARM_CM3/hardfault_handler.o
 .debug_ranges  0x0000000000000030      0x468 build/waf_bootloader-NoOS-NoNS-BCM943362WCD4-SDIO/Modules/./WICED/platform/MCU/STM32F2xx/WAF/waf_platform.o
 .debug_ranges  0x0000000000000498       0x10 build/waf_bootloader-NoOS-NoNS-BCM943362WCD4-SDIO/libraries/App_WICED_Bootloader_BCM943362WCD4.a(bootloader.o)
 .debug_ranges  0x00000000000004a8       0xe0 build/waf_bootloader-NoOS-NoNS-BCM943362WCD4-SDIO/libraries/Platform_BCM943362WCD4.a(platform.o)
 .debug_ranges  0x0000000000000588       0x58 build/waf_bootloader-NoOS-NoNS-BCM943362WCD4-SDIO/libraries/WWD_NoOS_Interface.a(noos.o)
 .debug_ranges  0x00000000000005e0       0x48 build/waf_bootloader-NoOS-NoNS-BCM943362WCD4-SDIO/libraries/STM32F2xx.a(platform_init.o)
 .debug_ranges  0x0000000000000628       0x10 build/waf_bootloader-NoOS-NoNS-BCM943362WCD4-SDIO/libraries/STM32F2xx.a(platform_unhandled_isr.o)
 .debug_ranges  0x0000000000000638      0x100 build/waf_bootloader-NoOS-NoNS-BCM943362WCD4-SDIO/libraries/STM32F2xx_Peripheral_Drivers.a(platform_gpio.o)
 .debug_ranges  0x0000000000000738       0x38 build/waf_bootloader-NoOS-NoNS-BCM943362WCD4-SDIO/libraries/STM32F2xx_Peripheral_Drivers.a(platform_mcu_powersave.o)
 .debug_ranges  0x0000000000000770      0x4f0 build/waf_bootloader-NoOS-NoNS-BCM943362WCD4-SDIO/libraries/STM32F2xx_Peripheral_Drivers.a(platform_uart.o)
 .debug_ranges  0x0000000000000c60       0x28 build/waf_bootloader-NoOS-NoNS-BCM943362WCD4-SDIO/libraries/STM32F2xx_Peripheral_Drivers.a(platform_watchdog.o)
 .debug_ranges  0x0000000000000c88       0x60 build/waf_bootloader-NoOS-NoNS-BCM943362WCD4-SDIO/libraries/Ring_Buffer.a(ring_buffer.o)
 .debug_ranges  0x0000000000000ce8       0x30 build/waf_bootloader-NoOS-NoNS-BCM943362WCD4-SDIO/libraries/STM32F2xx_Peripheral_Libraries.a(misc.o)
 .debug_ranges  0x0000000000000d18      0x7a8 build/waf_bootloader-NoOS-NoNS-BCM943362WCD4-SDIO/libraries/STM32F2xx_Peripheral_Libraries.a(stm32f2xx_flash.o)
 .debug_ranges  0x00000000000014c0       0x78 build/waf_bootloader-NoOS-NoNS-BCM943362WCD4-SDIO/libraries/STM32F2xx_Peripheral_Libraries.a(stm32f2xx_gpio.o)
 .debug_ranges  0x0000000000001538       0x38 build/waf_bootloader-NoOS-NoNS-BCM943362WCD4-SDIO/libraries/STM32F2xx_Peripheral_Libraries.a(stm32f2xx_iwdg.o)
 .debug_ranges  0x0000000000001570      0x188 build/waf_bootloader-NoOS-NoNS-BCM943362WCD4-SDIO/libraries/STM32F2xx_Peripheral_Libraries.a(stm32f2xx_rcc.o)
 .debug_ranges  0x00000000000016f8      0x420 build/waf_bootloader-NoOS-NoNS-BCM943362WCD4-SDIO/libraries/STM32F2xx_Peripheral_Libraries.a(stm32f2xx_tim.o)
 .debug_ranges  0x0000000000001b18       0x58 build/waf_bootloader-NoOS-NoNS-BCM943362WCD4-SDIO/libraries/WWD_NoOS_Interface.a(wwd_rtos.o)
 .debug_ranges  0x0000000000001b70       0x10 /home/wouters/GIT/willemwouters/STM32_EMW3162_SDK/tools/ARM_GNU/bin/Linux64/../../lib/thumb/v7m/libc.a(lib_a-memcmp.o)
 .debug_ranges  0x0000000000001b80       0x10 /home/wouters/GIT/willemwouters/STM32_EMW3162_SDK/tools/ARM_GNU/bin/Linux64/../../lib/thumb/v7m/libc.a(lib_a-memcpy-stub.o)
 .debug_ranges  0x0000000000001b90       0x10 /home/wouters/GIT/willemwouters/STM32_EMW3162_SDK/tools/ARM_GNU/bin/Linux64/../../lib/thumb/v7m/libc.a(lib_a-memset.o)

.debug_line     0x0000000000000000     0x4b5d
 .debug_line    0x0000000000000000      0x1b4 build/waf_bootloader-NoOS-NoNS-BCM943362WCD4-SDIO/Modules/./WICED/platform/MCU/STM32F2xx/../../ARM_CM3/crt0_GCC.o
 .debug_line    0x00000000000001b4       0xfd build/waf_bootloader-NoOS-NoNS-BCM943362WCD4-SDIO/Modules/./WICED/platform/MCU/STM32F2xx/../../ARM_CM3/hardfault_handler.o
 .debug_line    0x00000000000002b1       0xce build/waf_bootloader-NoOS-NoNS-BCM943362WCD4-SDIO/Modules/./WICED/platform/MCU/STM32F2xx/platform_vector_table.o
 .debug_line    0x000000000000037f      0x621 build/waf_bootloader-NoOS-NoNS-BCM943362WCD4-SDIO/Modules/./WICED/platform/MCU/STM32F2xx/WAF/waf_platform.o
 .debug_line    0x00000000000009a0      0x12b build/waf_bootloader-NoOS-NoNS-BCM943362WCD4-SDIO/libraries/App_WICED_Bootloader_BCM943362WCD4.a(bootloader.o)
 .debug_line    0x0000000000000acb      0x30e build/waf_bootloader-NoOS-NoNS-BCM943362WCD4-SDIO/libraries/Platform_BCM943362WCD4.a(platform.o)
 .debug_line    0x0000000000000dd9      0x15f build/waf_bootloader-NoOS-NoNS-BCM943362WCD4-SDIO/libraries/WWD_NoOS_Interface.a(noos.o)
 .debug_line    0x0000000000000f38      0x321 build/waf_bootloader-NoOS-NoNS-BCM943362WCD4-SDIO/libraries/STM32F2xx.a(platform_init.o)
 .debug_line    0x0000000000001259       0xe7 build/waf_bootloader-NoOS-NoNS-BCM943362WCD4-SDIO/libraries/STM32F2xx.a(platform_unhandled_isr.o)
 .debug_line    0x0000000000001340      0x4f9 build/waf_bootloader-NoOS-NoNS-BCM943362WCD4-SDIO/libraries/STM32F2xx_Peripheral_Drivers.a(platform_gpio.o)
 .debug_line    0x0000000000001839      0x194 build/waf_bootloader-NoOS-NoNS-BCM943362WCD4-SDIO/libraries/STM32F2xx_Peripheral_Drivers.a(platform_mcu_powersave.o)
 .debug_line    0x00000000000019cd      0x7e3 build/waf_bootloader-NoOS-NoNS-BCM943362WCD4-SDIO/libraries/STM32F2xx_Peripheral_Drivers.a(platform_uart.o)
 .debug_line    0x00000000000021b0      0x28b build/waf_bootloader-NoOS-NoNS-BCM943362WCD4-SDIO/libraries/STM32F2xx_Peripheral_Drivers.a(platform_watchdog.o)
 .debug_line    0x000000000000243b      0x183 build/waf_bootloader-NoOS-NoNS-BCM943362WCD4-SDIO/libraries/Ring_Buffer.a(ring_buffer.o)
 .debug_line    0x00000000000025be      0x1ea build/waf_bootloader-NoOS-NoNS-BCM943362WCD4-SDIO/libraries/STM32F2xx_Peripheral_Libraries.a(misc.o)
 .debug_line    0x00000000000027a8      0x861 build/waf_bootloader-NoOS-NoNS-BCM943362WCD4-SDIO/libraries/STM32F2xx_Peripheral_Libraries.a(stm32f2xx_flash.o)
 .debug_line    0x0000000000003009      0x31b build/waf_bootloader-NoOS-NoNS-BCM943362WCD4-SDIO/libraries/STM32F2xx_Peripheral_Libraries.a(stm32f2xx_gpio.o)
 .debug_line    0x0000000000003324      0x190 build/waf_bootloader-NoOS-NoNS-BCM943362WCD4-SDIO/libraries/STM32F2xx_Peripheral_Libraries.a(stm32f2xx_iwdg.o)
 .debug_line    0x00000000000034b4      0x53f build/waf_bootloader-NoOS-NoNS-BCM943362WCD4-SDIO/libraries/STM32F2xx_Peripheral_Libraries.a(stm32f2xx_rcc.o)
 .debug_line    0x00000000000039f3      0xc26 build/waf_bootloader-NoOS-NoNS-BCM943362WCD4-SDIO/libraries/STM32F2xx_Peripheral_Libraries.a(stm32f2xx_tim.o)
 .debug_line    0x0000000000004619      0x194 build/waf_bootloader-NoOS-NoNS-BCM943362WCD4-SDIO/libraries/WWD_NoOS_Interface.a(wwd_rtos.o)
 .debug_line    0x00000000000047ad      0x126 /home/wouters/GIT/willemwouters/STM32_EMW3162_SDK/tools/ARM_GNU/bin/Linux64/../../lib/thumb/v7m/libc.a(lib_a-memcmp.o)
 .debug_line    0x00000000000048d3      0x15a /home/wouters/GIT/willemwouters/STM32_EMW3162_SDK/tools/ARM_GNU/bin/Linux64/../../lib/thumb/v7m/libc.a(lib_a-memcpy-stub.o)
 .debug_line    0x0000000000004a2d      0x130 /home/wouters/GIT/willemwouters/STM32_EMW3162_SDK/tools/ARM_GNU/bin/Linux64/../../lib/thumb/v7m/libc.a(lib_a-memset.o)

.debug_str      0x0000000000000000     0x850a
 .debug_str     0x0000000000000000      0x43f build/waf_bootloader-NoOS-NoNS-BCM943362WCD4-SDIO/Modules/./WICED/platform/MCU/STM32F2xx/../../ARM_CM3/crt0_GCC.o
                                        0x48e (size before relaxing)
 .debug_str     0x000000000000043f       0x6d build/waf_bootloader-NoOS-NoNS-BCM943362WCD4-SDIO/Modules/./WICED/platform/MCU/STM32F2xx/../../ARM_CM3/hardfault_handler.o
                                        0x1cf (size before relaxing)
 .debug_str     0x00000000000004ac       0x5b build/waf_bootloader-NoOS-NoNS-BCM943362WCD4-SDIO/Modules/./WICED/platform/MCU/STM32F2xx/platform_vector_table.o
                                        0x1bd (size before relaxing)
 .debug_str     0x0000000000000507     0x40ac build/waf_bootloader-NoOS-NoNS-BCM943362WCD4-SDIO/Modules/./WICED/platform/MCU/STM32F2xx/WAF/waf_platform.o
                                       0x44f5 (size before relaxing)
 .debug_str     0x00000000000045b3      0x126 build/waf_bootloader-NoOS-NoNS-BCM943362WCD4-SDIO/libraries/App_WICED_Bootloader_BCM943362WCD4.a(bootloader.o)
                                       0x23a3 (size before relaxing)
 .debug_str     0x00000000000046d9      0xfe7 build/waf_bootloader-NoOS-NoNS-BCM943362WCD4-SDIO/libraries/Platform_BCM943362WCD4.a(platform.o)
                                       0x142c (size before relaxing)
 .debug_str     0x00000000000056c0       0xa6 build/waf_bootloader-NoOS-NoNS-BCM943362WCD4-SDIO/libraries/WWD_NoOS_Interface.a(noos.o)
                                        0x7e9 (size before relaxing)
 .debug_str     0x0000000000005766      0x4da build/waf_bootloader-NoOS-NoNS-BCM943362WCD4-SDIO/libraries/STM32F2xx.a(platform_init.o)
                                       0x13cd (size before relaxing)
 .debug_str     0x0000000000005c40       0x61 build/waf_bootloader-NoOS-NoNS-BCM943362WCD4-SDIO/libraries/STM32F2xx.a(platform_unhandled_isr.o)
                                        0x229 (size before relaxing)
 .debug_str     0x0000000000005ca1      0x604 build/waf_bootloader-NoOS-NoNS-BCM943362WCD4-SDIO/libraries/STM32F2xx_Peripheral_Drivers.a(platform_gpio.o)
                                       0x1136 (size before relaxing)
 .debug_str     0x00000000000062a5       0xcb build/waf_bootloader-NoOS-NoNS-BCM943362WCD4-SDIO/libraries/STM32F2xx_Peripheral_Drivers.a(platform_mcu_powersave.o)
                                        0x450 (size before relaxing)
 .debug_str     0x0000000000006370      0x61c build/waf_bootloader-NoOS-NoNS-BCM943362WCD4-SDIO/libraries/STM32F2xx_Peripheral_Drivers.a(platform_uart.o)
                                       0x397a (size before relaxing)
 .debug_str     0x000000000000698c      0x214 build/waf_bootloader-NoOS-NoNS-BCM943362WCD4-SDIO/libraries/STM32F2xx_Peripheral_Drivers.a(platform_watchdog.o)
                                        0xcb7 (size before relaxing)
 .debug_str     0x0000000000006ba0      0x106 build/waf_bootloader-NoOS-NoNS-BCM943362WCD4-SDIO/libraries/Ring_Buffer.a(ring_buffer.o)
                                       0x2094 (size before relaxing)
 .debug_str     0x0000000000006ca6      0x15d build/waf_bootloader-NoOS-NoNS-BCM943362WCD4-SDIO/libraries/STM32F2xx_Peripheral_Libraries.a(misc.o)
                                        0x3e2 (size before relaxing)
 .debug_str     0x0000000000006e03      0x2c1 build/waf_bootloader-NoOS-NoNS-BCM943362WCD4-SDIO/libraries/STM32F2xx_Peripheral_Libraries.a(stm32f2xx_flash.o)
                                        0x58d (size before relaxing)
 .debug_str     0x00000000000070c4      0x19d build/waf_bootloader-NoOS-NoNS-BCM943362WCD4-SDIO/libraries/STM32F2xx_Peripheral_Libraries.a(stm32f2xx_gpio.o)
                                        0x4d0 (size before relaxing)
 .debug_str     0x0000000000007261       0x92 build/waf_bootloader-NoOS-NoNS-BCM943362WCD4-SDIO/libraries/STM32F2xx_Peripheral_Libraries.a(stm32f2xx_iwdg.o)
                                        0x272 (size before relaxing)
 .debug_str     0x00000000000072f3      0x470 build/waf_bootloader-NoOS-NoNS-BCM943362WCD4-SDIO/libraries/STM32F2xx_Peripheral_Libraries.a(stm32f2xx_rcc.o)
                                        0x856 (size before relaxing)
 .debug_str     0x0000000000007763      0xa30 build/waf_bootloader-NoOS-NoNS-BCM943362WCD4-SDIO/libraries/STM32F2xx_Peripheral_Libraries.a(stm32f2xx_tim.o)
                                        0xe04 (size before relaxing)
 .debug_str     0x0000000000008193      0x128 build/waf_bootloader-NoOS-NoNS-BCM943362WCD4-SDIO/libraries/WWD_NoOS_Interface.a(wwd_rtos.o)
                                        0xb5e (size before relaxing)
 .debug_str     0x00000000000082bb      0x132 /home/wouters/GIT/willemwouters/STM32_EMW3162_SDK/tools/ARM_GNU/bin/Linux64/../../lib/thumb/v7m/libc.a(lib_a-memcmp.o)
                                        0x1d2 (size before relaxing)
 .debug_str     0x00000000000083ed       0xd2 /home/wouters/GIT/willemwouters/STM32_EMW3162_SDK/tools/ARM_GNU/bin/Linux64/../../lib/thumb/v7m/libc.a(lib_a-memcpy-stub.o)
                                        0x20b (size before relaxing)
 .debug_str     0x00000000000084bf       0x4b /home/wouters/GIT/willemwouters/STM32_EMW3162_SDK/tools/ARM_GNU/bin/Linux64/../../lib/thumb/v7m/libc.a(lib_a-memset.o)
                                        0x1e6 (size before relaxing)

.debug_frame    0x0000000000000000     0x199c
 .debug_frame   0x0000000000000000       0x34 build/waf_bootloader-NoOS-NoNS-BCM943362WCD4-SDIO/Modules/./WICED/platform/MCU/STM32F2xx/../../ARM_CM3/crt0_GCC.o
 .debug_frame   0x0000000000000034       0x40 build/waf_bootloader-NoOS-NoNS-BCM943362WCD4-SDIO/Modules/./WICED/platform/MCU/STM32F2xx/../../ARM_CM3/hardfault_handler.o
 .debug_frame   0x0000000000000074      0x19c build/waf_bootloader-NoOS-NoNS-BCM943362WCD4-SDIO/Modules/./WICED/platform/MCU/STM32F2xx/WAF/waf_platform.o
 .debug_frame   0x0000000000000210       0x30 build/waf_bootloader-NoOS-NoNS-BCM943362WCD4-SDIO/libraries/App_WICED_Bootloader_BCM943362WCD4.a(bootloader.o)
 .debug_frame   0x0000000000000240      0x114 build/waf_bootloader-NoOS-NoNS-BCM943362WCD4-SDIO/libraries/Platform_BCM943362WCD4.a(platform.o)
 .debug_frame   0x0000000000000354       0x6c build/waf_bootloader-NoOS-NoNS-BCM943362WCD4-SDIO/libraries/WWD_NoOS_Interface.a(noos.o)
 .debug_frame   0x00000000000003c0       0x7c build/waf_bootloader-NoOS-NoNS-BCM943362WCD4-SDIO/libraries/STM32F2xx.a(platform_init.o)
 .debug_frame   0x000000000000043c       0x2c build/waf_bootloader-NoOS-NoNS-BCM943362WCD4-SDIO/libraries/STM32F2xx.a(platform_unhandled_isr.o)
 .debug_frame   0x0000000000000468      0x178 build/waf_bootloader-NoOS-NoNS-BCM943362WCD4-SDIO/libraries/STM32F2xx_Peripheral_Drivers.a(platform_gpio.o)
 .debug_frame   0x00000000000005e0       0x70 build/waf_bootloader-NoOS-NoNS-BCM943362WCD4-SDIO/libraries/STM32F2xx_Peripheral_Drivers.a(platform_mcu_powersave.o)
 .debug_frame   0x0000000000000650      0x168 build/waf_bootloader-NoOS-NoNS-BCM943362WCD4-SDIO/libraries/STM32F2xx_Peripheral_Drivers.a(platform_uart.o)
 .debug_frame   0x00000000000007b8       0x80 build/waf_bootloader-NoOS-NoNS-BCM943362WCD4-SDIO/libraries/STM32F2xx_Peripheral_Drivers.a(platform_watchdog.o)
 .debug_frame   0x0000000000000838       0xc8 build/waf_bootloader-NoOS-NoNS-BCM943362WCD4-SDIO/libraries/Ring_Buffer.a(ring_buffer.o)
 .debug_frame   0x0000000000000900       0x6c build/waf_bootloader-NoOS-NoNS-BCM943362WCD4-SDIO/libraries/STM32F2xx_Peripheral_Libraries.a(misc.o)
 .debug_frame   0x000000000000096c      0x308 build/waf_bootloader-NoOS-NoNS-BCM943362WCD4-SDIO/libraries/STM32F2xx_Peripheral_Libraries.a(stm32f2xx_flash.o)
 .debug_frame   0x0000000000000c74      0x164 build/waf_bootloader-NoOS-NoNS-BCM943362WCD4-SDIO/libraries/STM32F2xx_Peripheral_Libraries.a(stm32f2xx_gpio.o)
 .debug_frame   0x0000000000000dd8       0x70 build/waf_bootloader-NoOS-NoNS-BCM943362WCD4-SDIO/libraries/STM32F2xx_Peripheral_Libraries.a(stm32f2xx_iwdg.o)
 .debug_frame   0x0000000000000e48      0x2f4 build/waf_bootloader-NoOS-NoNS-BCM943362WCD4-SDIO/libraries/STM32F2xx_Peripheral_Libraries.a(stm32f2xx_rcc.o)
 .debug_frame   0x000000000000113c      0x708 build/waf_bootloader-NoOS-NoNS-BCM943362WCD4-SDIO/libraries/STM32F2xx_Peripheral_Libraries.a(stm32f2xx_tim.o)
 .debug_frame   0x0000000000001844       0xbc build/waf_bootloader-NoOS-NoNS-BCM943362WCD4-SDIO/libraries/WWD_NoOS_Interface.a(wwd_rtos.o)
 .debug_frame   0x0000000000001900       0x38 /home/wouters/GIT/willemwouters/STM32_EMW3162_SDK/tools/ARM_GNU/bin/Linux64/../../lib/thumb/v7m/libc.a(lib_a-memcmp.o)
 .debug_frame   0x0000000000001938       0x30 /home/wouters/GIT/willemwouters/STM32_EMW3162_SDK/tools/ARM_GNU/bin/Linux64/../../lib/thumb/v7m/libc.a(lib_a-memcpy-stub.o)
 .debug_frame   0x0000000000001968       0x34 /home/wouters/GIT/willemwouters/STM32_EMW3162_SDK/tools/ARM_GNU/bin/Linux64/../../lib/thumb/v7m/libc.a(lib_a-memset.o)

Cross Reference Table

Symbol                                            File
ADC_irq                                           build/waf_bootloader-NoOS-NoNS-BCM943362WCD4-SDIO/libraries/STM32F2xx.a(platform_unhandled_isr.o)
                                                  build/waf_bootloader-NoOS-NoNS-BCM943362WCD4-SDIO/Modules/./WICED/platform/MCU/STM32F2xx/platform_vector_table.o
BusFaultException                                 build/waf_bootloader-NoOS-NoNS-BCM943362WCD4-SDIO/libraries/STM32F2xx.a(platform_unhandled_isr.o)
                                                  build/waf_bootloader-NoOS-NoNS-BCM943362WCD4-SDIO/Modules/./WICED/platform/MCU/STM32F2xx/platform_vector_table.o
CAN1_RX0_irq                                      build/waf_bootloader-NoOS-NoNS-BCM943362WCD4-SDIO/libraries/STM32F2xx.a(platform_unhandled_isr.o)
                                                  build/waf_bootloader-NoOS-NoNS-BCM943362WCD4-SDIO/Modules/./WICED/platform/MCU/STM32F2xx/platform_vector_table.o
CAN1_RX1_irq                                      build/waf_bootloader-NoOS-NoNS-BCM943362WCD4-SDIO/libraries/STM32F2xx.a(platform_unhandled_isr.o)
                                                  build/waf_bootloader-NoOS-NoNS-BCM943362WCD4-SDIO/Modules/./WICED/platform/MCU/STM32F2xx/platform_vector_table.o
CAN1_SCE_irq                                      build/waf_bootloader-NoOS-NoNS-BCM943362WCD4-SDIO/libraries/STM32F2xx.a(platform_unhandled_isr.o)
                                                  build/waf_bootloader-NoOS-NoNS-BCM943362WCD4-SDIO/Modules/./WICED/platform/MCU/STM32F2xx/platform_vector_table.o
CAN1_TX_irq                                       build/waf_bootloader-NoOS-NoNS-BCM943362WCD4-SDIO/libraries/STM32F2xx.a(platform_unhandled_isr.o)
                                                  build/waf_bootloader-NoOS-NoNS-BCM943362WCD4-SDIO/Modules/./WICED/platform/MCU/STM32F2xx/platform_vector_table.o
CAN2_RX0_irq                                      build/waf_bootloader-NoOS-NoNS-BCM943362WCD4-SDIO/libraries/STM32F2xx.a(platform_unhandled_isr.o)
                                                  build/waf_bootloader-NoOS-NoNS-BCM943362WCD4-SDIO/Modules/./WICED/platform/MCU/STM32F2xx/platform_vector_table.o
CAN2_RX1_irq                                      build/waf_bootloader-NoOS-NoNS-BCM943362WCD4-SDIO/libraries/STM32F2xx.a(platform_unhandled_isr.o)
                                                  build/waf_bootloader-NoOS-NoNS-BCM943362WCD4-SDIO/Modules/./WICED/platform/MCU/STM32F2xx/platform_vector_table.o
CAN2_SCE_irq                                      build/waf_bootloader-NoOS-NoNS-BCM943362WCD4-SDIO/libraries/STM32F2xx.a(platform_unhandled_isr.o)
                                                  build/waf_bootloader-NoOS-NoNS-BCM943362WCD4-SDIO/Modules/./WICED/platform/MCU/STM32F2xx/platform_vector_table.o
CAN2_TX_irq                                       build/waf_bootloader-NoOS-NoNS-BCM943362WCD4-SDIO/libraries/STM32F2xx.a(platform_unhandled_isr.o)
                                                  build/waf_bootloader-NoOS-NoNS-BCM943362WCD4-SDIO/Modules/./WICED/platform/MCU/STM32F2xx/platform_vector_table.o
CRYP_irq                                          build/waf_bootloader-NoOS-NoNS-BCM943362WCD4-SDIO/libraries/STM32F2xx.a(platform_unhandled_isr.o)
                                                  build/waf_bootloader-NoOS-NoNS-BCM943362WCD4-SDIO/Modules/./WICED/platform/MCU/STM32F2xx/platform_vector_table.o
DCMI_irq                                          build/waf_bootloader-NoOS-NoNS-BCM943362WCD4-SDIO/libraries/STM32F2xx.a(platform_unhandled_isr.o)
                                                  build/waf_bootloader-NoOS-NoNS-BCM943362WCD4-SDIO/Modules/./WICED/platform/MCU/STM32F2xx/platform_vector_table.o
DCT_section_offsets                               build/waf_bootloader-NoOS-NoNS-BCM943362WCD4-SDIO/Modules/./WICED/platform/MCU/STM32F2xx/WAF/waf_platform.o
DMA1_Stream0_irq                                  build/waf_bootloader-NoOS-NoNS-BCM943362WCD4-SDIO/libraries/STM32F2xx.a(platform_unhandled_isr.o)
                                                  build/waf_bootloader-NoOS-NoNS-BCM943362WCD4-SDIO/Modules/./WICED/platform/MCU/STM32F2xx/platform_vector_table.o
DMA1_Stream1_irq                                  build/waf_bootloader-NoOS-NoNS-BCM943362WCD4-SDIO/libraries/STM32F2xx.a(platform_unhandled_isr.o)
                                                  build/waf_bootloader-NoOS-NoNS-BCM943362WCD4-SDIO/Modules/./WICED/platform/MCU/STM32F2xx/platform_vector_table.o
DMA1_Stream2_irq                                  build/waf_bootloader-NoOS-NoNS-BCM943362WCD4-SDIO/libraries/STM32F2xx.a(platform_unhandled_isr.o)
                                                  build/waf_bootloader-NoOS-NoNS-BCM943362WCD4-SDIO/Modules/./WICED/platform/MCU/STM32F2xx/platform_vector_table.o
DMA1_Stream3_irq                                  build/waf_bootloader-NoOS-NoNS-BCM943362WCD4-SDIO/libraries/STM32F2xx.a(platform_unhandled_isr.o)
                                                  build/waf_bootloader-NoOS-NoNS-BCM943362WCD4-SDIO/Modules/./WICED/platform/MCU/STM32F2xx/platform_vector_table.o
DMA1_Stream4_irq                                  build/waf_bootloader-NoOS-NoNS-BCM943362WCD4-SDIO/libraries/STM32F2xx.a(platform_unhandled_isr.o)
                                                  build/waf_bootloader-NoOS-NoNS-BCM943362WCD4-SDIO/Modules/./WICED/platform/MCU/STM32F2xx/platform_vector_table.o
DMA1_Stream5_irq                                  build/waf_bootloader-NoOS-NoNS-BCM943362WCD4-SDIO/libraries/Platform_BCM943362WCD4.a(platform.o)
                                                  build/waf_bootloader-NoOS-NoNS-BCM943362WCD4-SDIO/Modules/./WICED/platform/MCU/STM32F2xx/platform_vector_table.o
DMA1_Stream6_irq                                  build/waf_bootloader-NoOS-NoNS-BCM943362WCD4-SDIO/libraries/Platform_BCM943362WCD4.a(platform.o)
                                                  build/waf_bootloader-NoOS-NoNS-BCM943362WCD4-SDIO/Modules/./WICED/platform/MCU/STM32F2xx/platform_vector_table.o
DMA1_Stream7_irq                                  build/waf_bootloader-NoOS-NoNS-BCM943362WCD4-SDIO/libraries/STM32F2xx.a(platform_unhandled_isr.o)
                                                  build/waf_bootloader-NoOS-NoNS-BCM943362WCD4-SDIO/Modules/./WICED/platform/MCU/STM32F2xx/platform_vector_table.o
DMA2_Stream0_irq                                  build/waf_bootloader-NoOS-NoNS-BCM943362WCD4-SDIO/libraries/STM32F2xx.a(platform_unhandled_isr.o)
                                                  build/waf_bootloader-NoOS-NoNS-BCM943362WCD4-SDIO/Modules/./WICED/platform/MCU/STM32F2xx/platform_vector_table.o
DMA2_Stream1_irq                                  build/waf_bootloader-NoOS-NoNS-BCM943362WCD4-SDIO/libraries/STM32F2xx.a(platform_unhandled_isr.o)
                                                  build/waf_bootloader-NoOS-NoNS-BCM943362WCD4-SDIO/Modules/./WICED/platform/MCU/STM32F2xx/platform_vector_table.o
DMA2_Stream2_irq                                  build/waf_bootloader-NoOS-NoNS-BCM943362WCD4-SDIO/libraries/Platform_BCM943362WCD4.a(platform.o)
                                                  build/waf_bootloader-NoOS-NoNS-BCM943362WCD4-SDIO/Modules/./WICED/platform/MCU/STM32F2xx/platform_vector_table.o
DMA2_Stream3_irq                                  build/waf_bootloader-NoOS-NoNS-BCM943362WCD4-SDIO/libraries/STM32F2xx.a(platform_unhandled_isr.o)
                                                  build/waf_bootloader-NoOS-NoNS-BCM943362WCD4-SDIO/Modules/./WICED/platform/MCU/STM32F2xx/platform_vector_table.o
DMA2_Stream4_irq                                  build/waf_bootloader-NoOS-NoNS-BCM943362WCD4-SDIO/libraries/STM32F2xx.a(platform_unhandled_isr.o)
                                                  build/waf_bootloader-NoOS-NoNS-BCM943362WCD4-SDIO/Modules/./WICED/platform/MCU/STM32F2xx/platform_vector_table.o
DMA2_Stream5_irq                                  build/waf_bootloader-NoOS-NoNS-BCM943362WCD4-SDIO/libraries/STM32F2xx.a(platform_unhandled_isr.o)
                                                  build/waf_bootloader-NoOS-NoNS-BCM943362WCD4-SDIO/Modules/./WICED/platform/MCU/STM32F2xx/platform_vector_table.o
DMA2_Stream6_irq                                  build/waf_bootloader-NoOS-NoNS-BCM943362WCD4-SDIO/libraries/STM32F2xx.a(platform_unhandled_isr.o)
                                                  build/waf_bootloader-NoOS-NoNS-BCM943362WCD4-SDIO/Modules/./WICED/platform/MCU/STM32F2xx/platform_vector_table.o
DMA2_Stream7_irq                                  build/waf_bootloader-NoOS-NoNS-BCM943362WCD4-SDIO/libraries/Platform_BCM943362WCD4.a(platform.o)
                                                  build/waf_bootloader-NoOS-NoNS-BCM943362WCD4-SDIO/Modules/./WICED/platform/MCU/STM32F2xx/platform_vector_table.o
DMA_ClearFlag                                     build/waf_bootloader-NoOS-NoNS-BCM943362WCD4-SDIO/libraries/STM32F2xx_Peripheral_Libraries.a(stm32f2xx_dma.o)
DMA_ClearITPendingBit                             build/waf_bootloader-NoOS-NoNS-BCM943362WCD4-SDIO/libraries/STM32F2xx_Peripheral_Libraries.a(stm32f2xx_dma.o)
DMA_Cmd                                           build/waf_bootloader-NoOS-NoNS-BCM943362WCD4-SDIO/libraries/STM32F2xx_Peripheral_Libraries.a(stm32f2xx_dma.o)
DMA_DeInit                                        build/waf_bootloader-NoOS-NoNS-BCM943362WCD4-SDIO/libraries/STM32F2xx_Peripheral_Libraries.a(stm32f2xx_dma.o)
                                                  build/waf_bootloader-NoOS-NoNS-BCM943362WCD4-SDIO/libraries/STM32F2xx_Peripheral_Drivers.a(platform_uart.o)
DMA_DoubleBufferModeCmd                           build/waf_bootloader-NoOS-NoNS-BCM943362WCD4-SDIO/libraries/STM32F2xx_Peripheral_Libraries.a(stm32f2xx_dma.o)
DMA_DoubleBufferModeConfig                        build/waf_bootloader-NoOS-NoNS-BCM943362WCD4-SDIO/libraries/STM32F2xx_Peripheral_Libraries.a(stm32f2xx_dma.o)
DMA_FlowControllerConfig                          build/waf_bootloader-NoOS-NoNS-BCM943362WCD4-SDIO/libraries/STM32F2xx_Peripheral_Libraries.a(stm32f2xx_dma.o)
DMA_GetCmdStatus                                  build/waf_bootloader-NoOS-NoNS-BCM943362WCD4-SDIO/libraries/STM32F2xx_Peripheral_Libraries.a(stm32f2xx_dma.o)
DMA_GetCurrDataCounter                            build/waf_bootloader-NoOS-NoNS-BCM943362WCD4-SDIO/libraries/STM32F2xx_Peripheral_Libraries.a(stm32f2xx_dma.o)
DMA_GetCurrentMemoryTarget                        build/waf_bootloader-NoOS-NoNS-BCM943362WCD4-SDIO/libraries/STM32F2xx_Peripheral_Libraries.a(stm32f2xx_dma.o)
DMA_GetFIFOStatus                                 build/waf_bootloader-NoOS-NoNS-BCM943362WCD4-SDIO/libraries/STM32F2xx_Peripheral_Libraries.a(stm32f2xx_dma.o)
DMA_GetFlagStatus                                 build/waf_bootloader-NoOS-NoNS-BCM943362WCD4-SDIO/libraries/STM32F2xx_Peripheral_Libraries.a(stm32f2xx_dma.o)
DMA_GetITStatus                                   build/waf_bootloader-NoOS-NoNS-BCM943362WCD4-SDIO/libraries/STM32F2xx_Peripheral_Libraries.a(stm32f2xx_dma.o)
DMA_ITConfig                                      build/waf_bootloader-NoOS-NoNS-BCM943362WCD4-SDIO/libraries/STM32F2xx_Peripheral_Libraries.a(stm32f2xx_dma.o)
                                                  build/waf_bootloader-NoOS-NoNS-BCM943362WCD4-SDIO/libraries/STM32F2xx_Peripheral_Drivers.a(platform_uart.o)
DMA_Init                                          build/waf_bootloader-NoOS-NoNS-BCM943362WCD4-SDIO/libraries/STM32F2xx_Peripheral_Libraries.a(stm32f2xx_dma.o)
                                                  build/waf_bootloader-NoOS-NoNS-BCM943362WCD4-SDIO/libraries/STM32F2xx_Peripheral_Drivers.a(platform_uart.o)
DMA_MemoryTargetConfig                            build/waf_bootloader-NoOS-NoNS-BCM943362WCD4-SDIO/libraries/STM32F2xx_Peripheral_Libraries.a(stm32f2xx_dma.o)
DMA_PeriphIncOffsetSizeConfig                     build/waf_bootloader-NoOS-NoNS-BCM943362WCD4-SDIO/libraries/STM32F2xx_Peripheral_Libraries.a(stm32f2xx_dma.o)
DMA_SetCurrDataCounter                            build/waf_bootloader-NoOS-NoNS-BCM943362WCD4-SDIO/libraries/STM32F2xx_Peripheral_Libraries.a(stm32f2xx_dma.o)
DMA_StructInit                                    build/waf_bootloader-NoOS-NoNS-BCM943362WCD4-SDIO/libraries/STM32F2xx_Peripheral_Libraries.a(stm32f2xx_dma.o)
DebugMonitor                                      build/waf_bootloader-NoOS-NoNS-BCM943362WCD4-SDIO/libraries/STM32F2xx.a(platform_unhandled_isr.o)
                                                  build/waf_bootloader-NoOS-NoNS-BCM943362WCD4-SDIO/Modules/./WICED/platform/MCU/STM32F2xx/platform_vector_table.o
ETH_WKUP_irq                                      build/waf_bootloader-NoOS-NoNS-BCM943362WCD4-SDIO/libraries/STM32F2xx.a(platform_unhandled_isr.o)
                                                  build/waf_bootloader-NoOS-NoNS-BCM943362WCD4-SDIO/Modules/./WICED/platform/MCU/STM32F2xx/platform_vector_table.o
ETH_irq                                           build/waf_bootloader-NoOS-NoNS-BCM943362WCD4-SDIO/libraries/STM32F2xx.a(platform_unhandled_isr.o)
                                                  build/waf_bootloader-NoOS-NoNS-BCM943362WCD4-SDIO/Modules/./WICED/platform/MCU/STM32F2xx/platform_vector_table.o
EXTI0_irq                                         build/waf_bootloader-NoOS-NoNS-BCM943362WCD4-SDIO/libraries/STM32F2xx_Peripheral_Drivers.a(platform_gpio.o)
                                                  build/waf_bootloader-NoOS-NoNS-BCM943362WCD4-SDIO/libraries/STM32F2xx.a(platform_unhandled_isr.o)
                                                  build/waf_bootloader-NoOS-NoNS-BCM943362WCD4-SDIO/Modules/./WICED/platform/MCU/STM32F2xx/platform_vector_table.o
EXTI15_10_irq                                     build/waf_bootloader-NoOS-NoNS-BCM943362WCD4-SDIO/libraries/STM32F2xx_Peripheral_Drivers.a(platform_gpio.o)
                                                  build/waf_bootloader-NoOS-NoNS-BCM943362WCD4-SDIO/libraries/STM32F2xx.a(platform_unhandled_isr.o)
                                                  build/waf_bootloader-NoOS-NoNS-BCM943362WCD4-SDIO/Modules/./WICED/platform/MCU/STM32F2xx/platform_vector_table.o
EXTI1_irq                                         build/waf_bootloader-NoOS-NoNS-BCM943362WCD4-SDIO/libraries/STM32F2xx_Peripheral_Drivers.a(platform_gpio.o)
                                                  build/waf_bootloader-NoOS-NoNS-BCM943362WCD4-SDIO/libraries/STM32F2xx.a(platform_unhandled_isr.o)
                                                  build/waf_bootloader-NoOS-NoNS-BCM943362WCD4-SDIO/Modules/./WICED/platform/MCU/STM32F2xx/platform_vector_table.o
EXTI2_irq                                         build/waf_bootloader-NoOS-NoNS-BCM943362WCD4-SDIO/libraries/STM32F2xx_Peripheral_Drivers.a(platform_gpio.o)
                                                  build/waf_bootloader-NoOS-NoNS-BCM943362WCD4-SDIO/libraries/STM32F2xx.a(platform_unhandled_isr.o)
                                                  build/waf_bootloader-NoOS-NoNS-BCM943362WCD4-SDIO/Modules/./WICED/platform/MCU/STM32F2xx/platform_vector_table.o
EXTI3_irq                                         build/waf_bootloader-NoOS-NoNS-BCM943362WCD4-SDIO/libraries/STM32F2xx_Peripheral_Drivers.a(platform_gpio.o)
                                                  build/waf_bootloader-NoOS-NoNS-BCM943362WCD4-SDIO/libraries/STM32F2xx.a(platform_unhandled_isr.o)
                                                  build/waf_bootloader-NoOS-NoNS-BCM943362WCD4-SDIO/Modules/./WICED/platform/MCU/STM32F2xx/platform_vector_table.o
EXTI4_irq                                         build/waf_bootloader-NoOS-NoNS-BCM943362WCD4-SDIO/libraries/STM32F2xx_Peripheral_Drivers.a(platform_gpio.o)
                                                  build/waf_bootloader-NoOS-NoNS-BCM943362WCD4-SDIO/libraries/STM32F2xx.a(platform_unhandled_isr.o)
                                                  build/waf_bootloader-NoOS-NoNS-BCM943362WCD4-SDIO/Modules/./WICED/platform/MCU/STM32F2xx/platform_vector_table.o
EXTI9_5_irq                                       build/waf_bootloader-NoOS-NoNS-BCM943362WCD4-SDIO/libraries/STM32F2xx_Peripheral_Drivers.a(platform_gpio.o)
                                                  build/waf_bootloader-NoOS-NoNS-BCM943362WCD4-SDIO/libraries/STM32F2xx.a(platform_unhandled_isr.o)
                                                  build/waf_bootloader-NoOS-NoNS-BCM943362WCD4-SDIO/Modules/./WICED/platform/MCU/STM32F2xx/platform_vector_table.o
EXTI_ClearFlag                                    build/waf_bootloader-NoOS-NoNS-BCM943362WCD4-SDIO/libraries/STM32F2xx_Peripheral_Libraries.a(stm32f2xx_exti.o)
EXTI_ClearITPendingBit                            build/waf_bootloader-NoOS-NoNS-BCM943362WCD4-SDIO/libraries/STM32F2xx_Peripheral_Libraries.a(stm32f2xx_exti.o)
EXTI_DeInit                                       build/waf_bootloader-NoOS-NoNS-BCM943362WCD4-SDIO/libraries/STM32F2xx_Peripheral_Libraries.a(stm32f2xx_exti.o)
EXTI_GenerateSWInterrupt                          build/waf_bootloader-NoOS-NoNS-BCM943362WCD4-SDIO/libraries/STM32F2xx_Peripheral_Libraries.a(stm32f2xx_exti.o)
EXTI_GetFlagStatus                                build/waf_bootloader-NoOS-NoNS-BCM943362WCD4-SDIO/libraries/STM32F2xx_Peripheral_Libraries.a(stm32f2xx_exti.o)
EXTI_GetITStatus                                  build/waf_bootloader-NoOS-NoNS-BCM943362WCD4-SDIO/libraries/STM32F2xx_Peripheral_Libraries.a(stm32f2xx_exti.o)
EXTI_Init                                         build/waf_bootloader-NoOS-NoNS-BCM943362WCD4-SDIO/libraries/STM32F2xx_Peripheral_Libraries.a(stm32f2xx_exti.o)
                                                  build/waf_bootloader-NoOS-NoNS-BCM943362WCD4-SDIO/libraries/STM32F2xx_Peripheral_Drivers.a(platform_gpio.o)
EXTI_StructInit                                   build/waf_bootloader-NoOS-NoNS-BCM943362WCD4-SDIO/libraries/STM32F2xx_Peripheral_Libraries.a(stm32f2xx_exti.o)
FLASH_ClearFlag                                   build/waf_bootloader-NoOS-NoNS-BCM943362WCD4-SDIO/libraries/STM32F2xx_Peripheral_Libraries.a(stm32f2xx_flash.o)
                                                  build/waf_bootloader-NoOS-NoNS-BCM943362WCD4-SDIO/Modules/./WICED/platform/MCU/STM32F2xx/WAF/waf_platform.o
FLASH_DataCacheCmd                                build/waf_bootloader-NoOS-NoNS-BCM943362WCD4-SDIO/libraries/STM32F2xx_Peripheral_Libraries.a(stm32f2xx_flash.o)
FLASH_DataCacheReset                              build/waf_bootloader-NoOS-NoNS-BCM943362WCD4-SDIO/libraries/STM32F2xx_Peripheral_Libraries.a(stm32f2xx_flash.o)
FLASH_EraseAllSectors                             build/waf_bootloader-NoOS-NoNS-BCM943362WCD4-SDIO/libraries/STM32F2xx_Peripheral_Libraries.a(stm32f2xx_flash.o)
FLASH_EraseSector                                 build/waf_bootloader-NoOS-NoNS-BCM943362WCD4-SDIO/libraries/STM32F2xx_Peripheral_Libraries.a(stm32f2xx_flash.o)
                                                  build/waf_bootloader-NoOS-NoNS-BCM943362WCD4-SDIO/Modules/./WICED/platform/MCU/STM32F2xx/WAF/waf_platform.o
FLASH_GetFlagStatus                               build/waf_bootloader-NoOS-NoNS-BCM943362WCD4-SDIO/libraries/STM32F2xx_Peripheral_Libraries.a(stm32f2xx_flash.o)
FLASH_GetStatus                                   build/waf_bootloader-NoOS-NoNS-BCM943362WCD4-SDIO/libraries/STM32F2xx_Peripheral_Libraries.a(stm32f2xx_flash.o)
FLASH_ITConfig                                    build/waf_bootloader-NoOS-NoNS-BCM943362WCD4-SDIO/libraries/STM32F2xx_Peripheral_Libraries.a(stm32f2xx_flash.o)
FLASH_InstructionCacheCmd                         build/waf_bootloader-NoOS-NoNS-BCM943362WCD4-SDIO/libraries/STM32F2xx_Peripheral_Libraries.a(stm32f2xx_flash.o)
FLASH_InstructionCacheReset                       build/waf_bootloader-NoOS-NoNS-BCM943362WCD4-SDIO/libraries/STM32F2xx_Peripheral_Libraries.a(stm32f2xx_flash.o)
FLASH_Lock                                        build/waf_bootloader-NoOS-NoNS-BCM943362WCD4-SDIO/libraries/STM32F2xx_Peripheral_Libraries.a(stm32f2xx_flash.o)
                                                  build/waf_bootloader-NoOS-NoNS-BCM943362WCD4-SDIO/Modules/./WICED/platform/MCU/STM32F2xx/WAF/waf_platform.o
FLASH_OB_BORConfig                                build/waf_bootloader-NoOS-NoNS-BCM943362WCD4-SDIO/libraries/STM32F2xx_Peripheral_Libraries.a(stm32f2xx_flash.o)
FLASH_OB_GetBOR                                   build/waf_bootloader-NoOS-NoNS-BCM943362WCD4-SDIO/libraries/STM32F2xx_Peripheral_Libraries.a(stm32f2xx_flash.o)
FLASH_OB_GetRDP                                   build/waf_bootloader-NoOS-NoNS-BCM943362WCD4-SDIO/libraries/STM32F2xx_Peripheral_Libraries.a(stm32f2xx_flash.o)
FLASH_OB_GetUser                                  build/waf_bootloader-NoOS-NoNS-BCM943362WCD4-SDIO/libraries/STM32F2xx_Peripheral_Libraries.a(stm32f2xx_flash.o)
FLASH_OB_GetWRP                                   build/waf_bootloader-NoOS-NoNS-BCM943362WCD4-SDIO/libraries/STM32F2xx_Peripheral_Libraries.a(stm32f2xx_flash.o)
FLASH_OB_Launch                                   build/waf_bootloader-NoOS-NoNS-BCM943362WCD4-SDIO/libraries/STM32F2xx_Peripheral_Libraries.a(stm32f2xx_flash.o)
FLASH_OB_Lock                                     build/waf_bootloader-NoOS-NoNS-BCM943362WCD4-SDIO/libraries/STM32F2xx_Peripheral_Libraries.a(stm32f2xx_flash.o)
FLASH_OB_RDPConfig                                build/waf_bootloader-NoOS-NoNS-BCM943362WCD4-SDIO/libraries/STM32F2xx_Peripheral_Libraries.a(stm32f2xx_flash.o)
FLASH_OB_Unlock                                   build/waf_bootloader-NoOS-NoNS-BCM943362WCD4-SDIO/libraries/STM32F2xx_Peripheral_Libraries.a(stm32f2xx_flash.o)
FLASH_OB_UserConfig                               build/waf_bootloader-NoOS-NoNS-BCM943362WCD4-SDIO/libraries/STM32F2xx_Peripheral_Libraries.a(stm32f2xx_flash.o)
FLASH_OB_WRPConfig                                build/waf_bootloader-NoOS-NoNS-BCM943362WCD4-SDIO/libraries/STM32F2xx_Peripheral_Libraries.a(stm32f2xx_flash.o)
FLASH_PrefetchBufferCmd                           build/waf_bootloader-NoOS-NoNS-BCM943362WCD4-SDIO/libraries/STM32F2xx_Peripheral_Libraries.a(stm32f2xx_flash.o)
                                                  build/waf_bootloader-NoOS-NoNS-BCM943362WCD4-SDIO/libraries/STM32F2xx.a(platform_init.o)
FLASH_ProgramByte                                 build/waf_bootloader-NoOS-NoNS-BCM943362WCD4-SDIO/libraries/STM32F2xx_Peripheral_Libraries.a(stm32f2xx_flash.o)
                                                  build/waf_bootloader-NoOS-NoNS-BCM943362WCD4-SDIO/Modules/./WICED/platform/MCU/STM32F2xx/WAF/waf_platform.o
FLASH_ProgramDoubleWord                           build/waf_bootloader-NoOS-NoNS-BCM943362WCD4-SDIO/libraries/STM32F2xx_Peripheral_Libraries.a(stm32f2xx_flash.o)
FLASH_ProgramHalfWord                             build/waf_bootloader-NoOS-NoNS-BCM943362WCD4-SDIO/libraries/STM32F2xx_Peripheral_Libraries.a(stm32f2xx_flash.o)
FLASH_ProgramWord                                 build/waf_bootloader-NoOS-NoNS-BCM943362WCD4-SDIO/libraries/STM32F2xx_Peripheral_Libraries.a(stm32f2xx_flash.o)
                                                  build/waf_bootloader-NoOS-NoNS-BCM943362WCD4-SDIO/Modules/./WICED/platform/MCU/STM32F2xx/WAF/waf_platform.o
FLASH_SetLatency                                  build/waf_bootloader-NoOS-NoNS-BCM943362WCD4-SDIO/libraries/STM32F2xx_Peripheral_Libraries.a(stm32f2xx_flash.o)
                                                  build/waf_bootloader-NoOS-NoNS-BCM943362WCD4-SDIO/libraries/STM32F2xx.a(platform_init.o)
FLASH_Unlock                                      build/waf_bootloader-NoOS-NoNS-BCM943362WCD4-SDIO/libraries/STM32F2xx_Peripheral_Libraries.a(stm32f2xx_flash.o)
                                                  build/waf_bootloader-NoOS-NoNS-BCM943362WCD4-SDIO/Modules/./WICED/platform/MCU/STM32F2xx/WAF/waf_platform.o
FLASH_WaitForLastOperation                        build/waf_bootloader-NoOS-NoNS-BCM943362WCD4-SDIO/libraries/STM32F2xx_Peripheral_Libraries.a(stm32f2xx_flash.o)
FLASH_irq                                         build/waf_bootloader-NoOS-NoNS-BCM943362WCD4-SDIO/libraries/STM32F2xx.a(platform_unhandled_isr.o)
                                                  build/waf_bootloader-NoOS-NoNS-BCM943362WCD4-SDIO/Modules/./WICED/platform/MCU/STM32F2xx/platform_vector_table.o
FSMC_irq                                          build/waf_bootloader-NoOS-NoNS-BCM943362WCD4-SDIO/libraries/STM32F2xx.a(platform_unhandled_isr.o)
                                                  build/waf_bootloader-NoOS-NoNS-BCM943362WCD4-SDIO/Modules/./WICED/platform/MCU/STM32F2xx/platform_vector_table.o
GPIO_DeInit                                       build/waf_bootloader-NoOS-NoNS-BCM943362WCD4-SDIO/libraries/STM32F2xx_Peripheral_Libraries.a(stm32f2xx_gpio.o)
GPIO_Init                                         build/waf_bootloader-NoOS-NoNS-BCM943362WCD4-SDIO/libraries/STM32F2xx_Peripheral_Libraries.a(stm32f2xx_gpio.o)
                                                  build/waf_bootloader-NoOS-NoNS-BCM943362WCD4-SDIO/libraries/STM32F2xx_Peripheral_Drivers.a(platform_gpio.o)
GPIO_PinAFConfig                                  build/waf_bootloader-NoOS-NoNS-BCM943362WCD4-SDIO/libraries/STM32F2xx_Peripheral_Libraries.a(stm32f2xx_gpio.o)
                                                  build/waf_bootloader-NoOS-NoNS-BCM943362WCD4-SDIO/libraries/STM32F2xx_Peripheral_Drivers.a(platform_gpio.o)
GPIO_PinLockConfig                                build/waf_bootloader-NoOS-NoNS-BCM943362WCD4-SDIO/libraries/STM32F2xx_Peripheral_Libraries.a(stm32f2xx_gpio.o)
GPIO_ReadInputData                                build/waf_bootloader-NoOS-NoNS-BCM943362WCD4-SDIO/libraries/STM32F2xx_Peripheral_Libraries.a(stm32f2xx_gpio.o)
GPIO_ReadInputDataBit                             build/waf_bootloader-NoOS-NoNS-BCM943362WCD4-SDIO/libraries/STM32F2xx_Peripheral_Libraries.a(stm32f2xx_gpio.o)
GPIO_ReadOutputData                               build/waf_bootloader-NoOS-NoNS-BCM943362WCD4-SDIO/libraries/STM32F2xx_Peripheral_Libraries.a(stm32f2xx_gpio.o)
GPIO_ReadOutputDataBit                            build/waf_bootloader-NoOS-NoNS-BCM943362WCD4-SDIO/libraries/STM32F2xx_Peripheral_Libraries.a(stm32f2xx_gpio.o)
GPIO_ResetBits                                    build/waf_bootloader-NoOS-NoNS-BCM943362WCD4-SDIO/libraries/STM32F2xx_Peripheral_Libraries.a(stm32f2xx_gpio.o)
GPIO_SetBits                                      build/waf_bootloader-NoOS-NoNS-BCM943362WCD4-SDIO/libraries/STM32F2xx_Peripheral_Libraries.a(stm32f2xx_gpio.o)
GPIO_StructInit                                   build/waf_bootloader-NoOS-NoNS-BCM943362WCD4-SDIO/libraries/STM32F2xx_Peripheral_Libraries.a(stm32f2xx_gpio.o)
GPIO_ToggleBits                                   build/waf_bootloader-NoOS-NoNS-BCM943362WCD4-SDIO/libraries/STM32F2xx_Peripheral_Libraries.a(stm32f2xx_gpio.o)
GPIO_Write                                        build/waf_bootloader-NoOS-NoNS-BCM943362WCD4-SDIO/libraries/STM32F2xx_Peripheral_Libraries.a(stm32f2xx_gpio.o)
GPIO_WriteBit                                     build/waf_bootloader-NoOS-NoNS-BCM943362WCD4-SDIO/libraries/STM32F2xx_Peripheral_Libraries.a(stm32f2xx_gpio.o)
HASH_RNG_irq                                      build/waf_bootloader-NoOS-NoNS-BCM943362WCD4-SDIO/libraries/STM32F2xx.a(platform_unhandled_isr.o)
                                                  build/waf_bootloader-NoOS-NoNS-BCM943362WCD4-SDIO/Modules/./WICED/platform/MCU/STM32F2xx/platform_vector_table.o
HardFaultException                                build/waf_bootloader-NoOS-NoNS-BCM943362WCD4-SDIO/Modules/./WICED/platform/MCU/STM32F2xx/../../ARM_CM3/hardfault_handler.o
                                                  build/waf_bootloader-NoOS-NoNS-BCM943362WCD4-SDIO/Modules/./WICED/platform/MCU/STM32F2xx/platform_vector_table.o
HardFaultException_handler                        build/waf_bootloader-NoOS-NoNS-BCM943362WCD4-SDIO/Modules/./WICED/platform/MCU/STM32F2xx/../../ARM_CM3/hardfault_handler.o
I2C1_ER_irq                                       build/waf_bootloader-NoOS-NoNS-BCM943362WCD4-SDIO/libraries/STM32F2xx.a(platform_unhandled_isr.o)
                                                  build/waf_bootloader-NoOS-NoNS-BCM943362WCD4-SDIO/Modules/./WICED/platform/MCU/STM32F2xx/platform_vector_table.o
I2C1_EV_irq                                       build/waf_bootloader-NoOS-NoNS-BCM943362WCD4-SDIO/libraries/STM32F2xx.a(platform_unhandled_isr.o)